Archive member included to satisfy reference by file (symbol)

c:/program files (x86)/atmel/studio/7.0/toolchain/arm/arm-gnu-toolchain/bin/../lib/gcc/arm-none-eabi/6.3.1/thumb/v6-m\libgcc.a(_udivsi3.o)
                              myprintf.o (__aeabi_uidiv)
c:/program files (x86)/atmel/studio/7.0/toolchain/arm/arm-gnu-toolchain/bin/../lib/gcc/arm-none-eabi/6.3.1/thumb/v6-m\libgcc.a(_dvmd_tls.o)
                              c:/program files (x86)/atmel/studio/7.0/toolchain/arm/arm-gnu-toolchain/bin/../lib/gcc/arm-none-eabi/6.3.1/thumb/v6-m\libgcc.a(_udivsi3.o) (__aeabi_idiv0)
c:/program files (x86)/atmel/studio/7.0/toolchain/arm/arm-gnu-toolchain/bin/../lib/gcc/arm-none-eabi/6.3.1/../../../../arm-none-eabi/lib/thumb/v6-m\libc.a(lib_a-exit.o)
                              c:/program files (x86)/atmel/studio/7.0/toolchain/arm/arm-gnu-toolchain/bin/../lib/gcc/arm-none-eabi/6.3.1/../../../../arm-none-eabi/lib/thumb/v6-m/crt0.o (exit)
c:/program files (x86)/atmel/studio/7.0/toolchain/arm/arm-gnu-toolchain/bin/../lib/gcc/arm-none-eabi/6.3.1/../../../../arm-none-eabi/lib/thumb/v6-m\libc.a(lib_a-impure.o)
                              c:/program files (x86)/atmel/studio/7.0/toolchain/arm/arm-gnu-toolchain/bin/../lib/gcc/arm-none-eabi/6.3.1/../../../../arm-none-eabi/lib/thumb/v6-m\libc.a(lib_a-exit.o) (_global_impure_ptr)
c:/program files (x86)/atmel/studio/7.0/toolchain/arm/arm-gnu-toolchain/bin/../lib/gcc/arm-none-eabi/6.3.1/../../../../arm-none-eabi/lib/thumb/v6-m\libc.a(lib_a-init.o)
                              c:/program files (x86)/atmel/studio/7.0/toolchain/arm/arm-gnu-toolchain/bin/../lib/gcc/arm-none-eabi/6.3.1/../../../../arm-none-eabi/lib/thumb/v6-m/crt0.o (__libc_init_array)
c:/program files (x86)/atmel/studio/7.0/toolchain/arm/arm-gnu-toolchain/bin/../lib/gcc/arm-none-eabi/6.3.1/../../../../arm-none-eabi/lib/thumb/v6-m\libc.a(lib_a-memset.o)
                              c:/program files (x86)/atmel/studio/7.0/toolchain/arm/arm-gnu-toolchain/bin/../lib/gcc/arm-none-eabi/6.3.1/../../../../arm-none-eabi/lib/thumb/v6-m/crt0.o (memset)
c:/program files (x86)/atmel/studio/7.0/toolchain/arm/arm-gnu-toolchain/bin/../lib/gcc/arm-none-eabi/6.3.1/../../../../arm-none-eabi/lib/thumb/v6-m\libc.a(lib_a-__call_atexit.o)
                              c:/program files (x86)/atmel/studio/7.0/toolchain/arm/arm-gnu-toolchain/bin/../lib/gcc/arm-none-eabi/6.3.1/../../../../arm-none-eabi/lib/thumb/v6-m\libc.a(lib_a-exit.o) (__call_exitprocs)
c:/program files (x86)/atmel/studio/7.0/toolchain/arm/arm-gnu-toolchain/bin/../lib/gcc/arm-none-eabi/6.3.1/../../../../arm-none-eabi/lib/thumb/v6-m\libc.a(lib_a-atexit.o)
                              c:/program files (x86)/atmel/studio/7.0/toolchain/arm/arm-gnu-toolchain/bin/../lib/gcc/arm-none-eabi/6.3.1/../../../../arm-none-eabi/lib/thumb/v6-m\libc.a(lib_a-__call_atexit.o) (atexit)
c:/program files (x86)/atmel/studio/7.0/toolchain/arm/arm-gnu-toolchain/bin/../lib/gcc/arm-none-eabi/6.3.1/../../../../arm-none-eabi/lib/thumb/v6-m\libc.a(lib_a-fini.o)
                              c:/program files (x86)/atmel/studio/7.0/toolchain/arm/arm-gnu-toolchain/bin/../lib/gcc/arm-none-eabi/6.3.1/../../../../arm-none-eabi/lib/thumb/v6-m\libc.a(lib_a-__call_atexit.o) (__libc_fini_array)
c:/program files (x86)/atmel/studio/7.0/toolchain/arm/arm-gnu-toolchain/bin/../lib/gcc/arm-none-eabi/6.3.1/../../../../arm-none-eabi/lib/thumb/v6-m\libc.a(lib_a-lock.o)
                              c:/program files (x86)/atmel/studio/7.0/toolchain/arm/arm-gnu-toolchain/bin/../lib/gcc/arm-none-eabi/6.3.1/../../../../arm-none-eabi/lib/thumb/v6-m\libc.a(lib_a-__call_atexit.o) (__retarget_lock_acquire_recursive)
c:/program files (x86)/atmel/studio/7.0/toolchain/arm/arm-gnu-toolchain/bin/../lib/gcc/arm-none-eabi/6.3.1/../../../../arm-none-eabi/lib/thumb/v6-m\libc.a(lib_a-__atexit.o)
                              c:/program files (x86)/atmel/studio/7.0/toolchain/arm/arm-gnu-toolchain/bin/../lib/gcc/arm-none-eabi/6.3.1/../../../../arm-none-eabi/lib/thumb/v6-m\libc.a(lib_a-atexit.o) (__register_exitproc)

Allocating common symbols
Common symbol       size              file

__lock___atexit_recursive_mutex
                    0x1               c:/program files (x86)/atmel/studio/7.0/toolchain/arm/arm-gnu-toolchain/bin/../lib/gcc/arm-none-eabi/6.3.1/../../../../arm-none-eabi/lib/thumb/v6-m\libc.a(lib_a-lock.o)
__lock___arc4random_mutex
                    0x1               c:/program files (x86)/atmel/studio/7.0/toolchain/arm/arm-gnu-toolchain/bin/../lib/gcc/arm-none-eabi/6.3.1/../../../../arm-none-eabi/lib/thumb/v6-m\libc.a(lib_a-lock.o)
br                  0x4               spi.o
__lock___env_recursive_mutex
                    0x1               c:/program files (x86)/atmel/studio/7.0/toolchain/arm/arm-gnu-toolchain/bin/../lib/gcc/arm-none-eabi/6.3.1/../../../../arm-none-eabi/lib/thumb/v6-m\libc.a(lib_a-lock.o)
__lock___sinit_recursive_mutex
                    0x1               c:/program files (x86)/atmel/studio/7.0/toolchain/arm/arm-gnu-toolchain/bin/../lib/gcc/arm-none-eabi/6.3.1/../../../../arm-none-eabi/lib/thumb/v6-m\libc.a(lib_a-lock.o)
__lock___malloc_recursive_mutex
                    0x1               c:/program files (x86)/atmel/studio/7.0/toolchain/arm/arm-gnu-toolchain/bin/../lib/gcc/arm-none-eabi/6.3.1/../../../../arm-none-eabi/lib/thumb/v6-m\libc.a(lib_a-lock.o)
i                   0x4               spi.o
rx_buf              0x4               spi.o
__lock___at_quick_exit_mutex
                    0x1               c:/program files (x86)/atmel/studio/7.0/toolchain/arm/arm-gnu-toolchain/bin/../lib/gcc/arm-none-eabi/6.3.1/../../../../arm-none-eabi/lib/thumb/v6-m\libc.a(lib_a-lock.o)
__lock___dd_hash_mutex
                    0x1               c:/program files (x86)/atmel/studio/7.0/toolchain/arm/arm-gnu-toolchain/bin/../lib/gcc/arm-none-eabi/6.3.1/../../../../arm-none-eabi/lib/thumb/v6-m\libc.a(lib_a-lock.o)
__lock___tz_mutex   0x1               c:/program files (x86)/atmel/studio/7.0/toolchain/arm/arm-gnu-toolchain/bin/../lib/gcc/arm-none-eabi/6.3.1/../../../../arm-none-eabi/lib/thumb/v6-m\libc.a(lib_a-lock.o)
__lock___sfp_recursive_mutex
                    0x1               c:/program files (x86)/atmel/studio/7.0/toolchain/arm/arm-gnu-toolchain/bin/../lib/gcc/arm-none-eabi/6.3.1/../../../../arm-none-eabi/lib/thumb/v6-m\libc.a(lib_a-lock.o)

Discarded input sections

 .text          0x00000000        0x0 c:/program files (x86)/atmel/studio/7.0/toolchain/arm/arm-gnu-toolchain/bin/../lib/gcc/arm-none-eabi/6.3.1/thumb/v6-m/crti.o
 .data          0x00000000        0x0 c:/program files (x86)/atmel/studio/7.0/toolchain/arm/arm-gnu-toolchain/bin/../lib/gcc/arm-none-eabi/6.3.1/thumb/v6-m/crti.o
 .bss           0x00000000        0x0 c:/program files (x86)/atmel/studio/7.0/toolchain/arm/arm-gnu-toolchain/bin/../lib/gcc/arm-none-eabi/6.3.1/thumb/v6-m/crti.o
 .data          0x00000000        0x4 c:/program files (x86)/atmel/studio/7.0/toolchain/arm/arm-gnu-toolchain/bin/../lib/gcc/arm-none-eabi/6.3.1/thumb/v6-m/crtbegin.o
 .text          0x00000000       0x78 c:/program files (x86)/atmel/studio/7.0/toolchain/arm/arm-gnu-toolchain/bin/../lib/gcc/arm-none-eabi/6.3.1/../../../../arm-none-eabi/lib/thumb/v6-m/crt0.o
 .data          0x00000000        0x0 c:/program files (x86)/atmel/studio/7.0/toolchain/arm/arm-gnu-toolchain/bin/../lib/gcc/arm-none-eabi/6.3.1/../../../../arm-none-eabi/lib/thumb/v6-m/crt0.o
 .bss           0x00000000        0x0 c:/program files (x86)/atmel/studio/7.0/toolchain/arm/arm-gnu-toolchain/bin/../lib/gcc/arm-none-eabi/6.3.1/../../../../arm-none-eabi/lib/thumb/v6-m/crt0.o
 .ARM.extab     0x00000000        0x0 c:/program files (x86)/atmel/studio/7.0/toolchain/arm/arm-gnu-toolchain/bin/../lib/gcc/arm-none-eabi/6.3.1/../../../../arm-none-eabi/lib/thumb/v6-m/crt0.o
 .ARM.exidx     0x00000000        0x8 c:/program files (x86)/atmel/studio/7.0/toolchain/arm/arm-gnu-toolchain/bin/../lib/gcc/arm-none-eabi/6.3.1/../../../../arm-none-eabi/lib/thumb/v6-m/crt0.o
 .ARM.attributes
                0x00000000       0x1b c:/program files (x86)/atmel/studio/7.0/toolchain/arm/arm-gnu-toolchain/bin/../lib/gcc/arm-none-eabi/6.3.1/../../../../arm-none-eabi/lib/thumb/v6-m/crt0.o
 .group         0x00000000        0x8 Device_Startup/startup_samd21.o
 .group         0x00000000        0x8 Device_Startup/startup_samd21.o
 .group         0x00000000        0x8 Device_Startup/startup_samd21.o
 .group         0x00000000        0x8 Device_Startup/startup_samd21.o
 .group         0x00000000        0x8 Device_Startup/startup_samd21.o
 .group         0x00000000        0x8 Device_Startup/startup_samd21.o
 .group         0x00000000        0x8 Device_Startup/startup_samd21.o
 .group         0x00000000        0x8 Device_Startup/startup_samd21.o
 .group         0x00000000        0x8 Device_Startup/startup_samd21.o
 .group         0x00000000        0x8 Device_Startup/startup_samd21.o
 .group         0x00000000        0x8 Device_Startup/startup_samd21.o
 .group         0x00000000        0x8 Device_Startup/startup_samd21.o
 .group         0x00000000        0x8 Device_Startup/startup_samd21.o
 .group         0x00000000        0x8 Device_Startup/startup_samd21.o
 .group         0x00000000        0x8 Device_Startup/startup_samd21.o
 .group         0x00000000        0x8 Device_Startup/startup_samd21.o
 .group         0x00000000        0x8 Device_Startup/startup_samd21.o
 .group         0x00000000        0x8 Device_Startup/startup_samd21.o
 .group         0x00000000        0x8 Device_Startup/startup_samd21.o
 .group         0x00000000        0x8 Device_Startup/startup_samd21.o
 .group         0x00000000        0x8 Device_Startup/startup_samd21.o
 .group         0x00000000        0x8 Device_Startup/startup_samd21.o
 .group         0x00000000        0x8 Device_Startup/startup_samd21.o
 .group         0x00000000        0x8 Device_Startup/startup_samd21.o
 .group         0x00000000        0x8 Device_Startup/startup_samd21.o
 .group         0x00000000        0x8 Device_Startup/startup_samd21.o
 .group         0x00000000        0x8 Device_Startup/startup_samd21.o
 .group         0x00000000        0x8 Device_Startup/startup_samd21.o
 .group         0x00000000        0x8 Device_Startup/startup_samd21.o
 .group         0x00000000        0x8 Device_Startup/startup_samd21.o
 .group         0x00000000        0x8 Device_Startup/startup_samd21.o
 .group         0x00000000        0x8 Device_Startup/startup_samd21.o
 .group         0x00000000        0x8 Device_Startup/startup_samd21.o
 .group         0x00000000        0x8 Device_Startup/startup_samd21.o
 .group         0x00000000        0x8 Device_Startup/startup_samd21.o
 .group         0x00000000        0x8 Device_Startup/startup_samd21.o
 .group         0x00000000        0x8 Device_Startup/startup_samd21.o
 .group         0x00000000        0x8 Device_Startup/startup_samd21.o
 .group         0x00000000        0x8 Device_Startup/startup_samd21.o
 .group         0x00000000        0x8 Device_Startup/startup_samd21.o
 .group         0x00000000        0x8 Device_Startup/startup_samd21.o
 .group         0x00000000        0x8 Device_Startup/startup_samd21.o
 .group         0x00000000        0x8 Device_Startup/startup_samd21.o
 .group         0x00000000        0x8 Device_Startup/startup_samd21.o
 .group         0x00000000        0x8 Device_Startup/startup_samd21.o
 .group         0x00000000        0x8 Device_Startup/startup_samd21.o
 .group         0x00000000        0x8 Device_Startup/startup_samd21.o
 .group         0x00000000        0x8 Device_Startup/startup_samd21.o
 .group         0x00000000        0x8 Device_Startup/startup_samd21.o
 .group         0x00000000        0x8 Device_Startup/startup_samd21.o
 .group         0x00000000        0x8 Device_Startup/startup_samd21.o
 .group         0x00000000        0x8 Device_Startup/startup_samd21.o
 .group         0x00000000        0x8 Device_Startup/startup_samd21.o
 .group         0x00000000        0x8 Device_Startup/startup_samd21.o
 .group         0x00000000        0x8 Device_Startup/startup_samd21.o
 .group         0x00000000        0x8 Device_Startup/startup_samd21.o
 .group         0x00000000        0x8 Device_Startup/startup_samd21.o
 .group         0x00000000        0x8 Device_Startup/startup_samd21.o
 .group         0x00000000        0x8 Device_Startup/startup_samd21.o
 .group         0x00000000        0x8 Device_Startup/startup_samd21.o
 .group         0x00000000        0x8 Device_Startup/startup_samd21.o
 .group         0x00000000        0x8 Device_Startup/startup_samd21.o
 .group         0x00000000        0x8 Device_Startup/startup_samd21.o
 .group         0x00000000        0x8 Device_Startup/startup_samd21.o
 .group         0x00000000        0x8 Device_Startup/startup_samd21.o
 .group         0x00000000        0x8 Device_Startup/startup_samd21.o
 .group         0x00000000        0x8 Device_Startup/startup_samd21.o
 .group         0x00000000        0x8 Device_Startup/startup_samd21.o
 .group         0x00000000        0x8 Device_Startup/startup_samd21.o
 .group         0x00000000        0x8 Device_Startup/startup_samd21.o
 .group         0x00000000        0x8 Device_Startup/startup_samd21.o
 .text          0x00000000        0x0 Device_Startup/startup_samd21.o
 .data          0x00000000        0x0 Device_Startup/startup_samd21.o
 .bss           0x00000000        0x0 Device_Startup/startup_samd21.o
 .group         0x00000000        0x8 Device_Startup/system_samd21.o
 .group         0x00000000        0x8 Device_Startup/system_samd21.o
 .group         0x00000000        0x8 Device_Startup/system_samd21.o
 .group         0x00000000        0x8 Device_Startup/system_samd21.o
 .group         0x00000000        0x8 Device_Startup/system_samd21.o
 .group         0x00000000        0x8 Device_Startup/system_samd21.o
 .group         0x00000000        0x8 Device_Startup/system_samd21.o
 .group         0x00000000        0x8 Device_Startup/system_samd21.o
 .group         0x00000000        0x8 Device_Startup/system_samd21.o
 .group         0x00000000        0x8 Device_Startup/system_samd21.o
 .group         0x00000000        0x8 Device_Startup/system_samd21.o
 .group         0x00000000        0x8 Device_Startup/system_samd21.o
 .group         0x00000000        0x8 Device_Startup/system_samd21.o
 .group         0x00000000        0x8 Device_Startup/system_samd21.o
 .group         0x00000000        0x8 Device_Startup/system_samd21.o
 .group         0x00000000        0x8 Device_Startup/system_samd21.o
 .group         0x00000000        0x8 Device_Startup/system_samd21.o
 .group         0x00000000        0x8 Device_Startup/system_samd21.o
 .group         0x00000000        0x8 Device_Startup/system_samd21.o
 .group         0x00000000        0x8 Device_Startup/system_samd21.o
 .group         0x00000000        0x8 Device_Startup/system_samd21.o
 .group         0x00000000        0x8 Device_Startup/system_samd21.o
 .group         0x00000000        0x8 Device_Startup/system_samd21.o
 .group         0x00000000        0x8 Device_Startup/system_samd21.o
 .group         0x00000000        0x8 Device_Startup/system_samd21.o
 .group         0x00000000        0x8 Device_Startup/system_samd21.o
 .group         0x00000000        0x8 Device_Startup/system_samd21.o
 .group         0x00000000        0x8 Device_Startup/system_samd21.o
 .group         0x00000000        0x8 Device_Startup/system_samd21.o
 .group         0x00000000        0x8 Device_Startup/system_samd21.o
 .group         0x00000000        0x8 Device_Startup/system_samd21.o
 .group         0x00000000        0x8 Device_Startup/system_samd21.o
 .group         0x00000000        0x8 Device_Startup/system_samd21.o
 .group         0x00000000        0x8 Device_Startup/system_samd21.o
 .group         0x00000000        0x8 Device_Startup/system_samd21.o
 .group         0x00000000        0x8 Device_Startup/system_samd21.o
 .group         0x00000000        0x8 Device_Startup/system_samd21.o
 .group         0x00000000        0x8 Device_Startup/system_samd21.o
 .group         0x00000000        0x8 Device_Startup/system_samd21.o
 .group         0x00000000        0x8 Device_Startup/system_samd21.o
 .group         0x00000000        0x8 Device_Startup/system_samd21.o
 .group         0x00000000        0x8 Device_Startup/system_samd21.o
 .group         0x00000000        0x8 Device_Startup/system_samd21.o
 .group         0x00000000        0x8 Device_Startup/system_samd21.o
 .group         0x00000000        0x8 Device_Startup/system_samd21.o
 .group         0x00000000        0x8 Device_Startup/system_samd21.o
 .group         0x00000000        0x8 Device_Startup/system_samd21.o
 .group         0x00000000        0x8 Device_Startup/system_samd21.o
 .group         0x00000000        0x8 Device_Startup/system_samd21.o
 .group         0x00000000        0x8 Device_Startup/system_samd21.o
 .group         0x00000000        0x8 Device_Startup/system_samd21.o
 .group         0x00000000        0x8 Device_Startup/system_samd21.o
 .group         0x00000000        0x8 Device_Startup/system_samd21.o
 .group         0x00000000        0x8 Device_Startup/system_samd21.o
 .group         0x00000000        0x8 Device_Startup/system_samd21.o
 .group         0x00000000        0x8 Device_Startup/system_samd21.o
 .group         0x00000000        0x8 Device_Startup/system_samd21.o
 .group         0x00000000        0x8 Device_Startup/system_samd21.o
 .group         0x00000000        0x8 Device_Startup/system_samd21.o
 .group         0x00000000        0x8 Device_Startup/system_samd21.o
 .group         0x00000000        0x8 Device_Startup/system_samd21.o
 .group         0x00000000        0x8 Device_Startup/system_samd21.o
 .group         0x00000000        0x8 Device_Startup/system_samd21.o
 .group         0x00000000        0x8 Device_Startup/system_samd21.o
 .group         0x00000000        0x8 Device_Startup/system_samd21.o
 .group         0x00000000        0x8 Device_Startup/system_samd21.o
 .group         0x00000000        0x8 Device_Startup/system_samd21.o
 .group         0x00000000        0x8 Device_Startup/system_samd21.o
 .group         0x00000000        0x8 Device_Startup/system_samd21.o
 .group         0x00000000        0x8 Device_Startup/system_samd21.o
 .group         0x00000000        0x8 Device_Startup/system_samd21.o
 .text          0x00000000        0x0 Device_Startup/system_samd21.o
 .bss           0x00000000        0x0 Device_Startup/system_samd21.o
 .text.SystemCoreClockUpdate
                0x00000000       0x10 Device_Startup/system_samd21.o
 .debug_macro   0x00000000      0x89e Device_Startup/system_samd21.o
 .debug_macro   0x00000000       0x22 Device_Startup/system_samd21.o
 .debug_macro   0x00000000       0x87 Device_Startup/system_samd21.o
 .debug_macro   0x00000000       0x51 Device_Startup/system_samd21.o
 .debug_macro   0x00000000       0xef Device_Startup/system_samd21.o
 .debug_macro   0x00000000       0x6a Device_Startup/system_samd21.o
 .debug_macro   0x00000000      0x1df Device_Startup/system_samd21.o
 .debug_macro   0x00000000       0x39 Device_Startup/system_samd21.o
 .debug_macro   0x00000000       0x1c Device_Startup/system_samd21.o
 .debug_macro   0x00000000       0x22 Device_Startup/system_samd21.o
 .debug_macro   0x00000000       0xb5 Device_Startup/system_samd21.o
 .debug_macro   0x00000000      0x3ad Device_Startup/system_samd21.o
 .debug_macro   0x00000000      0x67e Device_Startup/system_samd21.o
 .debug_macro   0x00000000      0x8b1 Device_Startup/system_samd21.o
 .debug_macro   0x00000000      0x22e Device_Startup/system_samd21.o
 .debug_macro   0x00000000      0xd5c Device_Startup/system_samd21.o
 .debug_macro   0x00000000      0x4dc Device_Startup/system_samd21.o
 .debug_macro   0x00000000      0x9f6 Device_Startup/system_samd21.o
 .debug_macro   0x00000000      0x82b Device_Startup/system_samd21.o
 .debug_macro   0x00000000      0x45f Device_Startup/system_samd21.o
 .debug_macro   0x00000000       0x5e Device_Startup/system_samd21.o
 .debug_macro   0x00000000      0x8f9 Device_Startup/system_samd21.o
 .debug_macro   0x00000000      0x21c Device_Startup/system_samd21.o
 .debug_macro   0x00000000      0x735 Device_Startup/system_samd21.o
 .debug_macro   0x00000000       0x5e Device_Startup/system_samd21.o
 .debug_macro   0x00000000      0x632 Device_Startup/system_samd21.o
 .debug_macro   0x00000000      0x3ac Device_Startup/system_samd21.o
 .debug_macro   0x00000000      0xc76 Device_Startup/system_samd21.o
 .debug_macro   0x00000000     0x1092 Device_Startup/system_samd21.o
 .debug_macro   0x00000000      0xc4a Device_Startup/system_samd21.o
 .debug_macro   0x00000000      0x6ba Device_Startup/system_samd21.o
 .debug_macro   0x00000000     0x1b3d Device_Startup/system_samd21.o
 .debug_macro   0x00000000     0x143c Device_Startup/system_samd21.o
 .debug_macro   0x00000000      0x340 Device_Startup/system_samd21.o
 .debug_macro   0x00000000       0x7c Device_Startup/system_samd21.o
 .debug_macro   0x00000000       0xa0 Device_Startup/system_samd21.o
 .debug_macro   0x00000000       0x4c Device_Startup/system_samd21.o
 .debug_macro   0x00000000       0xca Device_Startup/system_samd21.o
 .debug_macro   0x00000000       0x94 Device_Startup/system_samd21.o
 .debug_macro   0x00000000       0x58 Device_Startup/system_samd21.o
 .debug_macro   0x00000000      0x341 Device_Startup/system_samd21.o
 .debug_macro   0x00000000       0x82 Device_Startup/system_samd21.o
 .debug_macro   0x00000000      0x189 Device_Startup/system_samd21.o
 .debug_macro   0x00000000       0xb8 Device_Startup/system_samd21.o
 .debug_macro   0x00000000       0xa0 Device_Startup/system_samd21.o
 .debug_macro   0x00000000       0xb2 Device_Startup/system_samd21.o
 .debug_macro   0x00000000       0x1c Device_Startup/system_samd21.o
 .debug_macro   0x00000000       0x1c Device_Startup/system_samd21.o
 .debug_macro   0x00000000       0x1c Device_Startup/system_samd21.o
 .debug_macro   0x00000000       0x7c Device_Startup/system_samd21.o
 .debug_macro   0x00000000      0x15a Device_Startup/system_samd21.o
 .debug_macro   0x00000000       0x10 Device_Startup/system_samd21.o
 .debug_macro   0x00000000       0xdc Device_Startup/system_samd21.o
 .debug_macro   0x00000000      0x124 Device_Startup/system_samd21.o
 .debug_macro   0x00000000      0x124 Device_Startup/system_samd21.o
 .debug_macro   0x00000000      0x124 Device_Startup/system_samd21.o
 .debug_macro   0x00000000      0x124 Device_Startup/system_samd21.o
 .debug_macro   0x00000000      0x124 Device_Startup/system_samd21.o
 .debug_macro   0x00000000      0x124 Device_Startup/system_samd21.o
 .debug_macro   0x00000000      0x124 Device_Startup/system_samd21.o
 .debug_macro   0x00000000       0xe2 Device_Startup/system_samd21.o
 .debug_macro   0x00000000       0xe2 Device_Startup/system_samd21.o
 .debug_macro   0x00000000       0xe2 Device_Startup/system_samd21.o
 .debug_macro   0x00000000      0x12a Device_Startup/system_samd21.o
 .debug_macro   0x00000000      0x100 Device_Startup/system_samd21.o
 .debug_macro   0x00000000       0xf4 Device_Startup/system_samd21.o
 .debug_macro   0x00000000      0x40f Device_Startup/system_samd21.o
 .debug_macro   0x00000000       0x40 Device_Startup/system_samd21.o
 .debug_macro   0x00000000      0x376 Device_Startup/system_samd21.o
 .debug_macro   0x00000000     0x17df Device_Startup/system_samd21.o
 .debug_macro   0x00000000       0x6d Device_Startup/system_samd21.o
 .group         0x00000000        0x8 main.o
 .group         0x00000000        0x8 main.o
 .group         0x00000000        0x8 main.o
 .group         0x00000000        0x8 main.o
 .group         0x00000000        0x8 main.o
 .group         0x00000000        0x8 main.o
 .group         0x00000000        0x8 main.o
 .group         0x00000000        0x8 main.o
 .group         0x00000000        0x8 main.o
 .group         0x00000000        0x8 main.o
 .group         0x00000000        0x8 main.o
 .group         0x00000000        0x8 main.o
 .group         0x00000000        0x8 main.o
 .group         0x00000000        0x8 main.o
 .group         0x00000000        0x8 main.o
 .group         0x00000000        0x8 main.o
 .group         0x00000000        0x8 main.o
 .group         0x00000000        0x8 main.o
 .group         0x00000000        0x8 main.o
 .group         0x00000000        0x8 main.o
 .group         0x00000000        0x8 main.o
 .group         0x00000000        0x8 main.o
 .group         0x00000000        0x8 main.o
 .group         0x00000000        0x8 main.o
 .group         0x00000000        0x8 main.o
 .group         0x00000000        0x8 main.o
 .group         0x00000000        0x8 main.o
 .group         0x00000000        0x8 main.o
 .group         0x00000000        0x8 main.o
 .group         0x00000000        0x8 main.o
 .group         0x00000000        0x8 main.o
 .group         0x00000000        0x8 main.o
 .group         0x00000000        0x8 main.o
 .group         0x00000000        0x8 main.o
 .group         0x00000000        0x8 main.o
 .group         0x00000000        0x8 main.o
 .group         0x00000000        0x8 main.o
 .group         0x00000000        0x8 main.o
 .group         0x00000000        0x8 main.o
 .group         0x00000000        0x8 main.o
 .group         0x00000000        0x8 main.o
 .group         0x00000000        0x8 main.o
 .group         0x00000000        0x8 main.o
 .group         0x00000000        0x8 main.o
 .group         0x00000000        0x8 main.o
 .group         0x00000000        0x8 main.o
 .group         0x00000000        0x8 main.o
 .group         0x00000000        0x8 main.o
 .group         0x00000000        0x8 main.o
 .group         0x00000000        0x8 main.o
 .group         0x00000000        0x8 main.o
 .group         0x00000000        0x8 main.o
 .group         0x00000000        0x8 main.o
 .group         0x00000000        0x8 main.o
 .group         0x00000000        0x8 main.o
 .group         0x00000000        0x8 main.o
 .group         0x00000000        0x8 main.o
 .group         0x00000000        0x8 main.o
 .group         0x00000000        0x8 main.o
 .group         0x00000000        0x8 main.o
 .group         0x00000000        0x8 main.o
 .group         0x00000000        0x8 main.o
 .group         0x00000000        0x8 main.o
 .group         0x00000000        0x8 main.o
 .group         0x00000000        0x8 main.o
 .group         0x00000000        0x8 main.o
 .group         0x00000000        0x8 main.o
 .group         0x00000000        0x8 main.o
 .group         0x00000000        0x8 main.o
 .group         0x00000000        0x8 main.o
 .group         0x00000000        0x8 main.o
 .group         0x00000000        0x8 main.o
 .group         0x00000000        0x8 main.o
 .group         0x00000000        0x8 main.o
 .text          0x00000000        0x0 main.o
 .data          0x00000000        0x0 main.o
 .bss           0x00000000        0x0 main.o
 .debug_macro   0x00000000      0x89e main.o
 .debug_macro   0x00000000       0x22 main.o
 .debug_macro   0x00000000       0x87 main.o
 .debug_macro   0x00000000       0x51 main.o
 .debug_macro   0x00000000       0xef main.o
 .debug_macro   0x00000000       0x6a main.o
 .debug_macro   0x00000000      0x1df main.o
 .debug_macro   0x00000000       0x39 main.o
 .debug_macro   0x00000000       0x1c main.o
 .debug_macro   0x00000000       0x22 main.o
 .debug_macro   0x00000000       0xb5 main.o
 .debug_macro   0x00000000      0x3ad main.o
 .debug_macro   0x00000000      0x67e main.o
 .debug_macro   0x00000000      0x8b1 main.o
 .debug_macro   0x00000000      0x22e main.o
 .debug_macro   0x00000000      0xd5c main.o
 .debug_macro   0x00000000      0x4dc main.o
 .debug_macro   0x00000000      0x9f6 main.o
 .debug_macro   0x00000000      0x82b main.o
 .debug_macro   0x00000000      0x45f main.o
 .debug_macro   0x00000000       0x5e main.o
 .debug_macro   0x00000000      0x8f9 main.o
 .debug_macro   0x00000000      0x21c main.o
 .debug_macro   0x00000000      0x735 main.o
 .debug_macro   0x00000000       0x5e main.o
 .debug_macro   0x00000000      0x632 main.o
 .debug_macro   0x00000000      0x3ac main.o
 .debug_macro   0x00000000      0xc76 main.o
 .debug_macro   0x00000000     0x1092 main.o
 .debug_macro   0x00000000      0xc4a main.o
 .debug_macro   0x00000000      0x6ba main.o
 .debug_macro   0x00000000     0x1b3d main.o
 .debug_macro   0x00000000     0x143c main.o
 .debug_macro   0x00000000      0x340 main.o
 .debug_macro   0x00000000       0x7c main.o
 .debug_macro   0x00000000       0xa0 main.o
 .debug_macro   0x00000000       0x4c main.o
 .debug_macro   0x00000000       0xca main.o
 .debug_macro   0x00000000       0x94 main.o
 .debug_macro   0x00000000       0x58 main.o
 .debug_macro   0x00000000      0x341 main.o
 .debug_macro   0x00000000       0x82 main.o
 .debug_macro   0x00000000      0x189 main.o
 .debug_macro   0x00000000       0xb8 main.o
 .debug_macro   0x00000000       0xa0 main.o
 .debug_macro   0x00000000       0xb2 main.o
 .debug_macro   0x00000000       0x1c main.o
 .debug_macro   0x00000000       0x1c main.o
 .debug_macro   0x00000000       0x1c main.o
 .debug_macro   0x00000000       0x7c main.o
 .debug_macro   0x00000000      0x15a main.o
 .debug_macro   0x00000000       0x10 main.o
 .debug_macro   0x00000000       0xdc main.o
 .debug_macro   0x00000000      0x124 main.o
 .debug_macro   0x00000000      0x124 main.o
 .debug_macro   0x00000000      0x124 main.o
 .debug_macro   0x00000000      0x124 main.o
 .debug_macro   0x00000000      0x124 main.o
 .debug_macro   0x00000000      0x124 main.o
 .debug_macro   0x00000000      0x124 main.o
 .debug_macro   0x00000000       0xe2 main.o
 .debug_macro   0x00000000       0xe2 main.o
 .debug_macro   0x00000000       0xe2 main.o
 .debug_macro   0x00000000      0x12a main.o
 .debug_macro   0x00000000      0x100 main.o
 .debug_macro   0x00000000       0xf4 main.o
 .debug_macro   0x00000000      0x40f main.o
 .debug_macro   0x00000000       0x40 main.o
 .debug_macro   0x00000000      0x376 main.o
 .debug_macro   0x00000000     0x17df main.o
 .debug_macro   0x00000000       0x6d main.o
 .group         0x00000000        0x8 myprintf.o
 .group         0x00000000        0x8 myprintf.o
 .group         0x00000000        0x8 myprintf.o
 .group         0x00000000        0x8 myprintf.o
 .group         0x00000000        0x8 myprintf.o
 .group         0x00000000        0x8 myprintf.o
 .group         0x00000000        0x8 myprintf.o
 .group         0x00000000        0x8 myprintf.o
 .group         0x00000000        0x8 myprintf.o
 .group         0x00000000        0x8 myprintf.o
 .group         0x00000000        0x8 myprintf.o
 .group         0x00000000        0x8 myprintf.o
 .group         0x00000000        0x8 myprintf.o
 .group         0x00000000        0x8 myprintf.o
 .group         0x00000000        0x8 myprintf.o
 .group         0x00000000        0x8 myprintf.o
 .group         0x00000000        0x8 myprintf.o
 .group         0x00000000        0x8 myprintf.o
 .group         0x00000000        0x8 myprintf.o
 .group         0x00000000        0x8 myprintf.o
 .group         0x00000000        0x8 myprintf.o
 .group         0x00000000        0x8 myprintf.o
 .group         0x00000000        0x8 myprintf.o
 .group         0x00000000        0x8 myprintf.o
 .group         0x00000000        0x8 myprintf.o
 .group         0x00000000        0x8 myprintf.o
 .group         0x00000000        0x8 myprintf.o
 .group         0x00000000        0x8 myprintf.o
 .group         0x00000000        0x8 myprintf.o
 .group         0x00000000        0x8 myprintf.o
 .group         0x00000000        0x8 myprintf.o
 .group         0x00000000        0x8 myprintf.o
 .group         0x00000000        0x8 myprintf.o
 .group         0x00000000        0x8 myprintf.o
 .group         0x00000000        0x8 myprintf.o
 .group         0x00000000        0x8 myprintf.o
 .group         0x00000000        0x8 myprintf.o
 .group         0x00000000        0x8 myprintf.o
 .group         0x00000000        0x8 myprintf.o
 .group         0x00000000        0x8 myprintf.o
 .group         0x00000000        0x8 myprintf.o
 .group         0x00000000        0x8 myprintf.o
 .group         0x00000000        0x8 myprintf.o
 .group         0x00000000        0x8 myprintf.o
 .group         0x00000000        0x8 myprintf.o
 .group         0x00000000        0x8 myprintf.o
 .group         0x00000000        0x8 myprintf.o
 .group         0x00000000        0x8 myprintf.o
 .group         0x00000000        0x8 myprintf.o
 .group         0x00000000        0x8 myprintf.o
 .group         0x00000000        0x8 myprintf.o
 .group         0x00000000        0x8 myprintf.o
 .group         0x00000000        0x8 myprintf.o
 .group         0x00000000        0x8 myprintf.o
 .group         0x00000000        0x8 myprintf.o
 .group         0x00000000        0x8 myprintf.o
 .group         0x00000000        0x8 myprintf.o
 .group         0x00000000        0x8 myprintf.o
 .group         0x00000000        0x8 myprintf.o
 .group         0x00000000        0x8 myprintf.o
 .group         0x00000000        0x8 myprintf.o
 .group         0x00000000        0x8 myprintf.o
 .group         0x00000000        0x8 myprintf.o
 .group         0x00000000        0x8 myprintf.o
 .group         0x00000000        0x8 myprintf.o
 .group         0x00000000        0x8 myprintf.o
 .group         0x00000000        0x8 myprintf.o
 .group         0x00000000        0x8 myprintf.o
 .group         0x00000000        0x8 myprintf.o
 .group         0x00000000        0x8 myprintf.o
 .group         0x00000000        0x8 myprintf.o
 .group         0x00000000        0x8 myprintf.o
 .group         0x00000000        0x8 myprintf.o
 .text          0x00000000        0x0 myprintf.o
 .data          0x00000000        0x0 myprintf.o
 .text.mini_strlen
                0x00000000       0x10 myprintf.o
 .text.mini_itoa
                0x00000000       0xc4 myprintf.o
 .text._putc    0x00000000       0x24 myprintf.o
 .text._puts    0x00000000       0x32 myprintf.o
 .text.mini_vsnprintf
                0x00000000      0x114 myprintf.o
 .text.mini_snprintf
                0x00000000       0x20 myprintf.o
 .debug_macro   0x00000000      0x89e myprintf.o
 .debug_macro   0x00000000       0x22 myprintf.o
 .debug_macro   0x00000000       0x87 myprintf.o
 .debug_macro   0x00000000       0x51 myprintf.o
 .debug_macro   0x00000000       0xef myprintf.o
 .debug_macro   0x00000000       0x6a myprintf.o
 .debug_macro   0x00000000      0x1df myprintf.o
 .debug_macro   0x00000000       0x39 myprintf.o
 .debug_macro   0x00000000       0x1c myprintf.o
 .debug_macro   0x00000000       0x22 myprintf.o
 .debug_macro   0x00000000       0xb5 myprintf.o
 .debug_macro   0x00000000      0x3ad myprintf.o
 .debug_macro   0x00000000      0x67e myprintf.o
 .debug_macro   0x00000000      0x8b1 myprintf.o
 .debug_macro   0x00000000      0x22e myprintf.o
 .debug_macro   0x00000000      0xd5c myprintf.o
 .debug_macro   0x00000000      0x4dc myprintf.o
 .debug_macro   0x00000000      0x9f6 myprintf.o
 .debug_macro   0x00000000      0x82b myprintf.o
 .debug_macro   0x00000000      0x45f myprintf.o
 .debug_macro   0x00000000       0x5e myprintf.o
 .debug_macro   0x00000000      0x8f9 myprintf.o
 .debug_macro   0x00000000      0x21c myprintf.o
 .debug_macro   0x00000000      0x735 myprintf.o
 .debug_macro   0x00000000       0x5e myprintf.o
 .debug_macro   0x00000000      0x632 myprintf.o
 .debug_macro   0x00000000      0x3ac myprintf.o
 .debug_macro   0x00000000      0xc76 myprintf.o
 .debug_macro   0x00000000     0x1092 myprintf.o
 .debug_macro   0x00000000      0xc4a myprintf.o
 .debug_macro   0x00000000      0x6ba myprintf.o
 .debug_macro   0x00000000     0x1b3d myprintf.o
 .debug_macro   0x00000000     0x143c myprintf.o
 .debug_macro   0x00000000      0x340 myprintf.o
 .debug_macro   0x00000000       0x7c myprintf.o
 .debug_macro   0x00000000       0xa0 myprintf.o
 .debug_macro   0x00000000       0x4c myprintf.o
 .debug_macro   0x00000000       0xca myprintf.o
 .debug_macro   0x00000000       0x94 myprintf.o
 .debug_macro   0x00000000       0x58 myprintf.o
 .debug_macro   0x00000000      0x341 myprintf.o
 .debug_macro   0x00000000       0x82 myprintf.o
 .debug_macro   0x00000000      0x189 myprintf.o
 .debug_macro   0x00000000       0xb8 myprintf.o
 .debug_macro   0x00000000       0xa0 myprintf.o
 .debug_macro   0x00000000       0xb2 myprintf.o
 .debug_macro   0x00000000       0x1c myprintf.o
 .debug_macro   0x00000000       0x1c myprintf.o
 .debug_macro   0x00000000       0x1c myprintf.o
 .debug_macro   0x00000000       0x7c myprintf.o
 .debug_macro   0x00000000      0x15a myprintf.o
 .debug_macro   0x00000000       0x10 myprintf.o
 .debug_macro   0x00000000       0xdc myprintf.o
 .debug_macro   0x00000000      0x124 myprintf.o
 .debug_macro   0x00000000      0x124 myprintf.o
 .debug_macro   0x00000000      0x124 myprintf.o
 .debug_macro   0x00000000      0x124 myprintf.o
 .debug_macro   0x00000000      0x124 myprintf.o
 .debug_macro   0x00000000      0x124 myprintf.o
 .debug_macro   0x00000000      0x124 myprintf.o
 .debug_macro   0x00000000       0xe2 myprintf.o
 .debug_macro   0x00000000       0xe2 myprintf.o
 .debug_macro   0x00000000       0xe2 myprintf.o
 .debug_macro   0x00000000      0x12a myprintf.o
 .debug_macro   0x00000000      0x100 myprintf.o
 .debug_macro   0x00000000       0xf4 myprintf.o
 .debug_macro   0x00000000      0x40f myprintf.o
 .debug_macro   0x00000000       0x40 myprintf.o
 .debug_macro   0x00000000      0x376 myprintf.o
 .debug_macro   0x00000000     0x17df myprintf.o
 .debug_macro   0x00000000       0x6d myprintf.o
 .debug_macro   0x00000000       0x58 myprintf.o
 .debug_macro   0x00000000       0x16 myprintf.o
 .group         0x00000000        0x8 spi.o
 .group         0x00000000        0x8 spi.o
 .group         0x00000000        0x8 spi.o
 .group         0x00000000        0x8 spi.o
 .group         0x00000000        0x8 spi.o
 .group         0x00000000        0x8 spi.o
 .group         0x00000000        0x8 spi.o
 .group         0x00000000        0x8 spi.o
 .group         0x00000000        0x8 spi.o
 .group         0x00000000        0x8 spi.o
 .group         0x00000000        0x8 spi.o
 .group         0x00000000        0x8 spi.o
 .group         0x00000000        0x8 spi.o
 .group         0x00000000        0x8 spi.o
 .group         0x00000000        0x8 spi.o
 .group         0x00000000        0x8 spi.o
 .group         0x00000000        0x8 spi.o
 .group         0x00000000        0x8 spi.o
 .group         0x00000000        0x8 spi.o
 .group         0x00000000        0x8 spi.o
 .group         0x00000000        0x8 spi.o
 .group         0x00000000        0x8 spi.o
 .group         0x00000000        0x8 spi.o
 .group         0x00000000        0x8 spi.o
 .group         0x00000000        0x8 spi.o
 .group         0x00000000        0x8 spi.o
 .group         0x00000000        0x8 spi.o
 .group         0x00000000        0x8 spi.o
 .group         0x00000000        0x8 spi.o
 .group         0x00000000        0x8 spi.o
 .group         0x00000000        0x8 spi.o
 .group         0x00000000        0x8 spi.o
 .group         0x00000000        0x8 spi.o
 .group         0x00000000        0x8 spi.o
 .group         0x00000000        0x8 spi.o
 .group         0x00000000        0x8 spi.o
 .group         0x00000000        0x8 spi.o
 .group         0x00000000        0x8 spi.o
 .group         0x00000000        0x8 spi.o
 .group         0x00000000        0x8 spi.o
 .group         0x00000000        0x8 spi.o
 .group         0x00000000        0x8 spi.o
 .group         0x00000000        0x8 spi.o
 .group         0x00000000        0x8 spi.o
 .group         0x00000000        0x8 spi.o
 .group         0x00000000        0x8 spi.o
 .group         0x00000000        0x8 spi.o
 .group         0x00000000        0x8 spi.o
 .group         0x00000000        0x8 spi.o
 .group         0x00000000        0x8 spi.o
 .group         0x00000000        0x8 spi.o
 .group         0x00000000        0x8 spi.o
 .group         0x00000000        0x8 spi.o
 .group         0x00000000        0x8 spi.o
 .group         0x00000000        0x8 spi.o
 .group         0x00000000        0x8 spi.o
 .group         0x00000000        0x8 spi.o
 .group         0x00000000        0x8 spi.o
 .group         0x00000000        0x8 spi.o
 .group         0x00000000        0x8 spi.o
 .group         0x00000000        0x8 spi.o
 .group         0x00000000        0x8 spi.o
 .group         0x00000000        0x8 spi.o
 .group         0x00000000        0x8 spi.o
 .group         0x00000000        0x8 spi.o
 .group         0x00000000        0x8 spi.o
 .group         0x00000000        0x8 spi.o
 .group         0x00000000        0x8 spi.o
 .group         0x00000000        0x8 spi.o
 .group         0x00000000        0x8 spi.o
 .group         0x00000000        0x8 spi.o
 .group         0x00000000        0x8 spi.o
 .group         0x00000000        0x8 spi.o
 .group         0x00000000        0x8 spi.o
 .group         0x00000000        0x8 spi.o
 .group         0x00000000        0x8 spi.o
 .group         0x00000000        0x8 spi.o
 .group         0x00000000        0x8 spi.o
 .group         0x00000000        0x8 spi.o
 .group         0x00000000        0x8 spi.o
 .group         0x00000000        0x8 spi.o
 .group         0x00000000        0x8 spi.o
 .group         0x00000000        0x8 spi.o
 .group         0x00000000        0x8 spi.o
 .group         0x00000000        0x8 spi.o
 .group         0x00000000        0x8 spi.o
 .group         0x00000000        0x8 spi.o
 .group         0x00000000        0x8 spi.o
 .group         0x00000000        0x8 spi.o
 .group         0x00000000        0x8 spi.o
 .group         0x00000000        0x8 spi.o
 .group         0x00000000        0x8 spi.o
 .group         0x00000000        0x8 spi.o
 .group         0x00000000        0x8 spi.o
 .group         0x00000000        0x8 spi.o
 .group         0x00000000        0x8 spi.o
 .text          0x00000000        0x0 spi.o
 .bss           0x00000000        0x0 spi.o
 .debug_macro   0x00000000      0x89e spi.o
 .debug_macro   0x00000000       0x10 spi.o
 .debug_macro   0x00000000       0x22 spi.o
 .debug_macro   0x00000000       0x87 spi.o
 .debug_macro   0x00000000       0x51 spi.o
 .debug_macro   0x00000000       0xef spi.o
 .debug_macro   0x00000000       0x6a spi.o
 .debug_macro   0x00000000      0x1df spi.o
 .debug_macro   0x00000000       0x16 spi.o
 .debug_macro   0x00000000       0x1c spi.o
 .debug_macro   0x00000000       0x22 spi.o
 .debug_macro   0x00000000      0x3ad spi.o
 .debug_macro   0x00000000      0x67e spi.o
 .debug_macro   0x00000000      0x8b1 spi.o
 .debug_macro   0x00000000      0x22e spi.o
 .debug_macro   0x00000000      0xd5c spi.o
 .debug_macro   0x00000000      0x4dc spi.o
 .debug_macro   0x00000000      0x9f6 spi.o
 .debug_macro   0x00000000      0x82b spi.o
 .debug_macro   0x00000000      0x45f spi.o
 .debug_macro   0x00000000       0x5e spi.o
 .debug_macro   0x00000000      0x8f9 spi.o
 .debug_macro   0x00000000      0x21c spi.o
 .debug_macro   0x00000000      0x735 spi.o
 .debug_macro   0x00000000       0x5e spi.o
 .debug_macro   0x00000000      0x632 spi.o
 .debug_macro   0x00000000      0x3ac spi.o
 .debug_macro   0x00000000      0xc76 spi.o
 .debug_macro   0x00000000     0x1092 spi.o
 .debug_macro   0x00000000      0xc4a spi.o
 .debug_macro   0x00000000      0x6ba spi.o
 .debug_macro   0x00000000     0x1b3d spi.o
 .debug_macro   0x00000000     0x143c spi.o
 .debug_macro   0x00000000      0x340 spi.o
 .debug_macro   0x00000000       0x7c spi.o
 .debug_macro   0x00000000       0xa0 spi.o
 .debug_macro   0x00000000       0x4c spi.o
 .debug_macro   0x00000000       0xca spi.o
 .debug_macro   0x00000000       0x94 spi.o
 .debug_macro   0x00000000       0x58 spi.o
 .debug_macro   0x00000000      0x341 spi.o
 .debug_macro   0x00000000       0x82 spi.o
 .debug_macro   0x00000000      0x189 spi.o
 .debug_macro   0x00000000       0xb8 spi.o
 .debug_macro   0x00000000       0xa0 spi.o
 .debug_macro   0x00000000       0xb2 spi.o
 .debug_macro   0x00000000       0x1c spi.o
 .debug_macro   0x00000000       0x1c spi.o
 .debug_macro   0x00000000       0x1c spi.o
 .debug_macro   0x00000000       0x7c spi.o
 .debug_macro   0x00000000      0x15a spi.o
 .debug_macro   0x00000000       0x10 spi.o
 .debug_macro   0x00000000       0xdc spi.o
 .debug_macro   0x00000000      0x124 spi.o
 .debug_macro   0x00000000      0x124 spi.o
 .debug_macro   0x00000000      0x124 spi.o
 .debug_macro   0x00000000      0x124 spi.o
 .debug_macro   0x00000000      0x124 spi.o
 .debug_macro   0x00000000      0x124 spi.o
 .debug_macro   0x00000000      0x124 spi.o
 .debug_macro   0x00000000       0xe2 spi.o
 .debug_macro   0x00000000       0xe2 spi.o
 .debug_macro   0x00000000       0xe2 spi.o
 .debug_macro   0x00000000      0x12a spi.o
 .debug_macro   0x00000000      0x100 spi.o
 .debug_macro   0x00000000       0xf4 spi.o
 .debug_macro   0x00000000      0x40f spi.o
 .debug_macro   0x00000000       0x40 spi.o
 .debug_macro   0x00000000      0x376 spi.o
 .debug_macro   0x00000000     0x17df spi.o
 .debug_macro   0x00000000       0x6d spi.o
 COMMON         0x00000000        0xc spi.o
 .text          0x00000000      0x114 c:/program files (x86)/atmel/studio/7.0/toolchain/arm/arm-gnu-toolchain/bin/../lib/gcc/arm-none-eabi/6.3.1/thumb/v6-m\libgcc.a(_udivsi3.o)
 .data          0x00000000        0x0 c:/program files (x86)/atmel/studio/7.0/toolchain/arm/arm-gnu-toolchain/bin/../lib/gcc/arm-none-eabi/6.3.1/thumb/v6-m\libgcc.a(_udivsi3.o)
 .bss           0x00000000        0x0 c:/program files (x86)/atmel/studio/7.0/toolchain/arm/arm-gnu-toolchain/bin/../lib/gcc/arm-none-eabi/6.3.1/thumb/v6-m\libgcc.a(_udivsi3.o)
 .debug_frame   0x00000000       0x20 c:/program files (x86)/atmel/studio/7.0/toolchain/arm/arm-gnu-toolchain/bin/../lib/gcc/arm-none-eabi/6.3.1/thumb/v6-m\libgcc.a(_udivsi3.o)
 .ARM.attributes
                0x00000000       0x1e c:/program files (x86)/atmel/studio/7.0/toolchain/arm/arm-gnu-toolchain/bin/../lib/gcc/arm-none-eabi/6.3.1/thumb/v6-m\libgcc.a(_udivsi3.o)
 .text          0x00000000        0x4 c:/program files (x86)/atmel/studio/7.0/toolchain/arm/arm-gnu-toolchain/bin/../lib/gcc/arm-none-eabi/6.3.1/thumb/v6-m\libgcc.a(_dvmd_tls.o)
 .data          0x00000000        0x0 c:/program files (x86)/atmel/studio/7.0/toolchain/arm/arm-gnu-toolchain/bin/../lib/gcc/arm-none-eabi/6.3.1/thumb/v6-m\libgcc.a(_dvmd_tls.o)
 .bss           0x00000000        0x0 c:/program files (x86)/atmel/studio/7.0/toolchain/arm/arm-gnu-toolchain/bin/../lib/gcc/arm-none-eabi/6.3.1/thumb/v6-m\libgcc.a(_dvmd_tls.o)
 .ARM.attributes
                0x00000000       0x1e c:/program files (x86)/atmel/studio/7.0/toolchain/arm/arm-gnu-toolchain/bin/../lib/gcc/arm-none-eabi/6.3.1/thumb/v6-m\libgcc.a(_dvmd_tls.o)
 .text          0x00000000        0x0 c:/program files (x86)/atmel/studio/7.0/toolchain/arm/arm-gnu-toolchain/bin/../lib/gcc/arm-none-eabi/6.3.1/../../../../arm-none-eabi/lib/thumb/v6-m\libc.a(lib_a-exit.o)
 .data          0x00000000        0x0 c:/program files (x86)/atmel/studio/7.0/toolchain/arm/arm-gnu-toolchain/bin/../lib/gcc/arm-none-eabi/6.3.1/../../../../arm-none-eabi/lib/thumb/v6-m\libc.a(lib_a-exit.o)
 .bss           0x00000000        0x0 c:/program files (x86)/atmel/studio/7.0/toolchain/arm/arm-gnu-toolchain/bin/../lib/gcc/arm-none-eabi/6.3.1/../../../../arm-none-eabi/lib/thumb/v6-m\libc.a(lib_a-exit.o)
 .text.exit     0x00000000       0x20 c:/program files (x86)/atmel/studio/7.0/toolchain/arm/arm-gnu-toolchain/bin/../lib/gcc/arm-none-eabi/6.3.1/../../../../arm-none-eabi/lib/thumb/v6-m\libc.a(lib_a-exit.o)
 .debug_frame   0x00000000       0x28 c:/program files (x86)/atmel/studio/7.0/toolchain/arm/arm-gnu-toolchain/bin/../lib/gcc/arm-none-eabi/6.3.1/../../../../arm-none-eabi/lib/thumb/v6-m\libc.a(lib_a-exit.o)
 .ARM.attributes
                0x00000000       0x2c c:/program files (x86)/atmel/studio/7.0/toolchain/arm/arm-gnu-toolchain/bin/../lib/gcc/arm-none-eabi/6.3.1/../../../../arm-none-eabi/lib/thumb/v6-m\libc.a(lib_a-exit.o)
 .text          0x00000000        0x0 c:/program files (x86)/atmel/studio/7.0/toolchain/arm/arm-gnu-toolchain/bin/../lib/gcc/arm-none-eabi/6.3.1/../../../../arm-none-eabi/lib/thumb/v6-m\libc.a(lib_a-impure.o)
 .data          0x00000000        0x0 c:/program files (x86)/atmel/studio/7.0/toolchain/arm/arm-gnu-toolchain/bin/../lib/gcc/arm-none-eabi/6.3.1/../../../../arm-none-eabi/lib/thumb/v6-m\libc.a(lib_a-impure.o)
 .bss           0x00000000        0x0 c:/program files (x86)/atmel/studio/7.0/toolchain/arm/arm-gnu-toolchain/bin/../lib/gcc/arm-none-eabi/6.3.1/../../../../arm-none-eabi/lib/thumb/v6-m\libc.a(lib_a-impure.o)
 .data._impure_ptr
                0x00000000        0x4 c:/program files (x86)/atmel/studio/7.0/toolchain/arm/arm-gnu-toolchain/bin/../lib/gcc/arm-none-eabi/6.3.1/../../../../arm-none-eabi/lib/thumb/v6-m\libc.a(lib_a-impure.o)
 .text          0x00000000        0x0 c:/program files (x86)/atmel/studio/7.0/toolchain/arm/arm-gnu-toolchain/bin/../lib/gcc/arm-none-eabi/6.3.1/../../../../arm-none-eabi/lib/thumb/v6-m\libc.a(lib_a-init.o)
 .data          0x00000000        0x0 c:/program files (x86)/atmel/studio/7.0/toolchain/arm/arm-gnu-toolchain/bin/../lib/gcc/arm-none-eabi/6.3.1/../../../../arm-none-eabi/lib/thumb/v6-m\libc.a(lib_a-init.o)
 .bss           0x00000000        0x0 c:/program files (x86)/atmel/studio/7.0/toolchain/arm/arm-gnu-toolchain/bin/../lib/gcc/arm-none-eabi/6.3.1/../../../../arm-none-eabi/lib/thumb/v6-m\libc.a(lib_a-init.o)
 .text          0x00000000        0x0 c:/program files (x86)/atmel/studio/7.0/toolchain/arm/arm-gnu-toolchain/bin/../lib/gcc/arm-none-eabi/6.3.1/../../../../arm-none-eabi/lib/thumb/v6-m\libc.a(lib_a-memset.o)
 .data          0x00000000        0x0 c:/program files (x86)/atmel/studio/7.0/toolchain/arm/arm-gnu-toolchain/bin/../lib/gcc/arm-none-eabi/6.3.1/../../../../arm-none-eabi/lib/thumb/v6-m\libc.a(lib_a-memset.o)
 .bss           0x00000000        0x0 c:/program files (x86)/atmel/studio/7.0/toolchain/arm/arm-gnu-toolchain/bin/../lib/gcc/arm-none-eabi/6.3.1/../../../../arm-none-eabi/lib/thumb/v6-m\libc.a(lib_a-memset.o)
 .text.memset   0x00000000       0x94 c:/program files (x86)/atmel/studio/7.0/toolchain/arm/arm-gnu-toolchain/bin/../lib/gcc/arm-none-eabi/6.3.1/../../../../arm-none-eabi/lib/thumb/v6-m\libc.a(lib_a-memset.o)
 .debug_frame   0x00000000       0x30 c:/program files (x86)/atmel/studio/7.0/toolchain/arm/arm-gnu-toolchain/bin/../lib/gcc/arm-none-eabi/6.3.1/../../../../arm-none-eabi/lib/thumb/v6-m\libc.a(lib_a-memset.o)
 .ARM.attributes
                0x00000000       0x2c c:/program files (x86)/atmel/studio/7.0/toolchain/arm/arm-gnu-toolchain/bin/../lib/gcc/arm-none-eabi/6.3.1/../../../../arm-none-eabi/lib/thumb/v6-m\libc.a(lib_a-memset.o)
 .text          0x00000000        0x0 c:/program files (x86)/atmel/studio/7.0/toolchain/arm/arm-gnu-toolchain/bin/../lib/gcc/arm-none-eabi/6.3.1/../../../../arm-none-eabi/lib/thumb/v6-m\libc.a(lib_a-__call_atexit.o)
 .data          0x00000000        0x0 c:/program files (x86)/atmel/studio/7.0/toolchain/arm/arm-gnu-toolchain/bin/../lib/gcc/arm-none-eabi/6.3.1/../../../../arm-none-eabi/lib/thumb/v6-m\libc.a(lib_a-__call_atexit.o)
 .bss           0x00000000        0x0 c:/program files (x86)/atmel/studio/7.0/toolchain/arm/arm-gnu-toolchain/bin/../lib/gcc/arm-none-eabi/6.3.1/../../../../arm-none-eabi/lib/thumb/v6-m\libc.a(lib_a-__call_atexit.o)
 .text.__call_exitprocs
                0x00000000      0x110 c:/program files (x86)/atmel/studio/7.0/toolchain/arm/arm-gnu-toolchain/bin/../lib/gcc/arm-none-eabi/6.3.1/../../../../arm-none-eabi/lib/thumb/v6-m\libc.a(lib_a-__call_atexit.o)
 .text          0x00000000        0x0 c:/program files (x86)/atmel/studio/7.0/toolchain/arm/arm-gnu-toolchain/bin/../lib/gcc/arm-none-eabi/6.3.1/../../../../arm-none-eabi/lib/thumb/v6-m\libc.a(lib_a-atexit.o)
 .data          0x00000000        0x0 c:/program files (x86)/atmel/studio/7.0/toolchain/arm/arm-gnu-toolchain/bin/../lib/gcc/arm-none-eabi/6.3.1/../../../../arm-none-eabi/lib/thumb/v6-m\libc.a(lib_a-atexit.o)
 .bss           0x00000000        0x0 c:/program files (x86)/atmel/studio/7.0/toolchain/arm/arm-gnu-toolchain/bin/../lib/gcc/arm-none-eabi/6.3.1/../../../../arm-none-eabi/lib/thumb/v6-m\libc.a(lib_a-atexit.o)
 .text          0x00000000        0x0 c:/program files (x86)/atmel/studio/7.0/toolchain/arm/arm-gnu-toolchain/bin/../lib/gcc/arm-none-eabi/6.3.1/../../../../arm-none-eabi/lib/thumb/v6-m\libc.a(lib_a-fini.o)
 .data          0x00000000        0x0 c:/program files (x86)/atmel/studio/7.0/toolchain/arm/arm-gnu-toolchain/bin/../lib/gcc/arm-none-eabi/6.3.1/../../../../arm-none-eabi/lib/thumb/v6-m\libc.a(lib_a-fini.o)
 .bss           0x00000000        0x0 c:/program files (x86)/atmel/studio/7.0/toolchain/arm/arm-gnu-toolchain/bin/../lib/gcc/arm-none-eabi/6.3.1/../../../../arm-none-eabi/lib/thumb/v6-m\libc.a(lib_a-fini.o)
 .text          0x00000000        0x0 c:/program files (x86)/atmel/studio/7.0/toolchain/arm/arm-gnu-toolchain/bin/../lib/gcc/arm-none-eabi/6.3.1/../../../../arm-none-eabi/lib/thumb/v6-m\libc.a(lib_a-lock.o)
 .data          0x00000000        0x0 c:/program files (x86)/atmel/studio/7.0/toolchain/arm/arm-gnu-toolchain/bin/../lib/gcc/arm-none-eabi/6.3.1/../../../../arm-none-eabi/lib/thumb/v6-m\libc.a(lib_a-lock.o)
 .bss           0x00000000        0x0 c:/program files (x86)/atmel/studio/7.0/toolchain/arm/arm-gnu-toolchain/bin/../lib/gcc/arm-none-eabi/6.3.1/../../../../arm-none-eabi/lib/thumb/v6-m\libc.a(lib_a-lock.o)
 .text.__retarget_lock_init
                0x00000000        0x4 c:/program files (x86)/atmel/studio/7.0/toolchain/arm/arm-gnu-toolchain/bin/../lib/gcc/arm-none-eabi/6.3.1/../../../../arm-none-eabi/lib/thumb/v6-m\libc.a(lib_a-lock.o)
 .text.__retarget_lock_init_recursive
                0x00000000        0x4 c:/program files (x86)/atmel/studio/7.0/toolchain/arm/arm-gnu-toolchain/bin/../lib/gcc/arm-none-eabi/6.3.1/../../../../arm-none-eabi/lib/thumb/v6-m\libc.a(lib_a-lock.o)
 .text.__retarget_lock_close
                0x00000000        0x4 c:/program files (x86)/atmel/studio/7.0/toolchain/arm/arm-gnu-toolchain/bin/../lib/gcc/arm-none-eabi/6.3.1/../../../../arm-none-eabi/lib/thumb/v6-m\libc.a(lib_a-lock.o)
 .text.__retarget_lock_close_recursive
                0x00000000        0x4 c:/program files (x86)/atmel/studio/7.0/toolchain/arm/arm-gnu-toolchain/bin/../lib/gcc/arm-none-eabi/6.3.1/../../../../arm-none-eabi/lib/thumb/v6-m\libc.a(lib_a-lock.o)
 .text.__retarget_lock_acquire
                0x00000000        0x4 c:/program files (x86)/atmel/studio/7.0/toolchain/arm/arm-gnu-toolchain/bin/../lib/gcc/arm-none-eabi/6.3.1/../../../../arm-none-eabi/lib/thumb/v6-m\libc.a(lib_a-lock.o)
 .text.__retarget_lock_try_acquire
                0x00000000        0x4 c:/program files (x86)/atmel/studio/7.0/toolchain/arm/arm-gnu-toolchain/bin/../lib/gcc/arm-none-eabi/6.3.1/../../../../arm-none-eabi/lib/thumb/v6-m\libc.a(lib_a-lock.o)
 .text.__retarget_lock_try_acquire_recursive
                0x00000000        0x4 c:/program files (x86)/atmel/studio/7.0/toolchain/arm/arm-gnu-toolchain/bin/../lib/gcc/arm-none-eabi/6.3.1/../../../../arm-none-eabi/lib/thumb/v6-m\libc.a(lib_a-lock.o)
 .text.__retarget_lock_release
                0x00000000        0x4 c:/program files (x86)/atmel/studio/7.0/toolchain/arm/arm-gnu-toolchain/bin/../lib/gcc/arm-none-eabi/6.3.1/../../../../arm-none-eabi/lib/thumb/v6-m\libc.a(lib_a-lock.o)
 .text          0x00000000        0x0 c:/program files (x86)/atmel/studio/7.0/toolchain/arm/arm-gnu-toolchain/bin/../lib/gcc/arm-none-eabi/6.3.1/../../../../arm-none-eabi/lib/thumb/v6-m\libc.a(lib_a-__atexit.o)
 .data          0x00000000        0x0 c:/program files (x86)/atmel/studio/7.0/toolchain/arm/arm-gnu-toolchain/bin/../lib/gcc/arm-none-eabi/6.3.1/../../../../arm-none-eabi/lib/thumb/v6-m\libc.a(lib_a-__atexit.o)
 .bss           0x00000000        0x0 c:/program files (x86)/atmel/studio/7.0/toolchain/arm/arm-gnu-toolchain/bin/../lib/gcc/arm-none-eabi/6.3.1/../../../../arm-none-eabi/lib/thumb/v6-m\libc.a(lib_a-__atexit.o)
 .text          0x00000000        0x0 c:/program files (x86)/atmel/studio/7.0/toolchain/arm/arm-gnu-toolchain/bin/../lib/gcc/arm-none-eabi/6.3.1/thumb/v6-m/crtend.o
 .data          0x00000000        0x0 c:/program files (x86)/atmel/studio/7.0/toolchain/arm/arm-gnu-toolchain/bin/../lib/gcc/arm-none-eabi/6.3.1/thumb/v6-m/crtend.o
 .bss           0x00000000        0x0 c:/program files (x86)/atmel/studio/7.0/toolchain/arm/arm-gnu-toolchain/bin/../lib/gcc/arm-none-eabi/6.3.1/thumb/v6-m/crtend.o
 .eh_frame      0x00000000        0x4 c:/program files (x86)/atmel/studio/7.0/toolchain/arm/arm-gnu-toolchain/bin/../lib/gcc/arm-none-eabi/6.3.1/thumb/v6-m/crtend.o
 .jcr           0x00000000        0x4 c:/program files (x86)/atmel/studio/7.0/toolchain/arm/arm-gnu-toolchain/bin/../lib/gcc/arm-none-eabi/6.3.1/thumb/v6-m/crtend.o
 .ARM.attributes
                0x00000000       0x2c c:/program files (x86)/atmel/studio/7.0/toolchain/arm/arm-gnu-toolchain/bin/../lib/gcc/arm-none-eabi/6.3.1/thumb/v6-m/crtend.o
 .text          0x00000000        0x0 c:/program files (x86)/atmel/studio/7.0/toolchain/arm/arm-gnu-toolchain/bin/../lib/gcc/arm-none-eabi/6.3.1/thumb/v6-m/crtn.o
 .data          0x00000000        0x0 c:/program files (x86)/atmel/studio/7.0/toolchain/arm/arm-gnu-toolchain/bin/../lib/gcc/arm-none-eabi/6.3.1/thumb/v6-m/crtn.o
 .bss           0x00000000        0x0 c:/program files (x86)/atmel/studio/7.0/toolchain/arm/arm-gnu-toolchain/bin/../lib/gcc/arm-none-eabi/6.3.1/thumb/v6-m/crtn.o

Memory Configuration

Name             Origin             Length             Attributes
rom              0x00000000         0x00040000         xr
ram              0x20000000         0x00008000         xrw
*default*        0x00000000         0xffffffff

Linker script and memory map

LOAD c:/program files (x86)/atmel/studio/7.0/toolchain/arm/arm-gnu-toolchain/bin/../lib/gcc/arm-none-eabi/6.3.1/thumb/v6-m/crti.o
LOAD c:/program files (x86)/atmel/studio/7.0/toolchain/arm/arm-gnu-toolchain/bin/../lib/gcc/arm-none-eabi/6.3.1/thumb/v6-m/crtbegin.o
LOAD c:/program files (x86)/atmel/studio/7.0/toolchain/arm/arm-gnu-toolchain/bin/../lib/gcc/arm-none-eabi/6.3.1/../../../../arm-none-eabi/lib/thumb/v6-m/crt0.o
LOAD Device_Startup/startup_samd21.o
LOAD Device_Startup/system_samd21.o
LOAD main.o
LOAD myprintf.o
LOAD spi.o
START GROUP
LOAD c:/program files (x86)/atmel/studio/7.0/toolchain/arm/arm-gnu-toolchain/bin/../lib/gcc/arm-none-eabi/6.3.1/../../../../arm-none-eabi/lib/thumb/v6-m\libm.a
END GROUP
START GROUP
LOAD c:/program files (x86)/atmel/studio/7.0/toolchain/arm/arm-gnu-toolchain/bin/../lib/gcc/arm-none-eabi/6.3.1/thumb/v6-m\libgcc.a
LOAD c:/program files (x86)/atmel/studio/7.0/toolchain/arm/arm-gnu-toolchain/bin/../lib/gcc/arm-none-eabi/6.3.1/../../../../arm-none-eabi/lib/thumb/v6-m\libc.a
END GROUP
LOAD c:/program files (x86)/atmel/studio/7.0/toolchain/arm/arm-gnu-toolchain/bin/../lib/gcc/arm-none-eabi/6.3.1/thumb/v6-m/crtend.o
LOAD c:/program files (x86)/atmel/studio/7.0/toolchain/arm/arm-gnu-toolchain/bin/../lib/gcc/arm-none-eabi/6.3.1/thumb/v6-m/crtn.o
                0x00002000                STACK_SIZE = DEFINED (STACK_SIZE)?STACK_SIZE:DEFINED (__stack_size__)?__stack_size__:0x2000

.text           0x00000000      0x7ec
                0x00000000                . = ALIGN (0x4)
                0x00000000                _sfixed = .
 *(.vectors .vectors.*)
 .vectors       0x00000000       0xb4 Device_Startup/startup_samd21.o
                0x00000000                exception_table
 *(.text .text.* .gnu.linkonce.t.*)
 .text          0x000000b4       0x60 c:/program files (x86)/atmel/studio/7.0/toolchain/arm/arm-gnu-toolchain/bin/../lib/gcc/arm-none-eabi/6.3.1/thumb/v6-m/crtbegin.o
 .text.Dummy_Handler
                0x00000114        0x2 Device_Startup/startup_samd21.o
                0x00000114                SVCall_Handler
                0x00000114                DMAC_Handler
                0x00000114                HardFault_Handler
                0x00000114                AC_Handler
                0x00000114                SysTick_Handler
                0x00000114                PendSV_Handler
                0x00000114                SERCOM1_Handler
                0x00000114                ADC_Handler
                0x00000114                NonMaskableInt_Handler
                0x00000114                TCC1_Handler
                0x00000114                SERCOM2_Handler
                0x00000114                TCC0_Handler
                0x00000114                RTC_Handler
                0x00000114                EIC_Handler
                0x00000114                WDT_Handler
                0x00000114                TC4_Handler
                0x00000114                USB_Handler
                0x00000114                TC3_Handler
                0x00000114                Dummy_Handler
                0x00000114                PM_Handler
                0x00000114                SERCOM5_Handler
                0x00000114                TCC2_Handler
                0x00000114                EVSYS_Handler
                0x00000114                SERCOM3_Handler
                0x00000114                SERCOM4_Handler
                0x00000114                I2S_Handler
                0x00000114                NVMCTRL_Handler
                0x00000114                SERCOM0_Handler
                0x00000114                DAC_Handler
                0x00000114                PTC_Handler
                0x00000114                TC5_Handler
                0x00000114                SYSCTRL_Handler
 *fill*         0x00000116        0x2 
 .text.Reset_Handler
                0x00000118       0xc4 Device_Startup/startup_samd21.o
                0x00000118                Reset_Handler
 .text.SystemInit
                0x000001dc       0x10 Device_Startup/system_samd21.o
                0x000001dc                SystemInit
 .text.UARTInit
                0x000001ec       0x98 main.o
                0x000001ec                UARTInit
 .text.main     0x00000284       0x5c main.o
                0x00000284                main
 .text.sendUART1char
                0x000002e0       0x14 myprintf.o
 .text.myputchar
                0x000002f4       0x1c myprintf.o
 .text.out      0x00000310       0x10 myprintf.o
 .text.outDgt   0x00000320       0x34 myprintf.o
 .text.divOut   0x00000354       0x40 myprintf.o
 .text.tfp_printf
                0x00000394      0x1b0 myprintf.o
                0x00000394                tfp_printf
 .text.spiInit  0x00000544       0x80 spi.o
                0x00000544                spiInit
 .text.spiSend  0x000005c4       0x44 spi.o
                0x000005c4                spiSend
 .text.__libc_init_array
                0x00000608       0x48 c:/program files (x86)/atmel/studio/7.0/toolchain/arm/arm-gnu-toolchain/bin/../lib/gcc/arm-none-eabi/6.3.1/../../../../arm-none-eabi/lib/thumb/v6-m\libc.a(lib_a-init.o)
                0x00000608                __libc_init_array
 .text.startup.register_fini
                0x00000650       0x18 c:/program files (x86)/atmel/studio/7.0/toolchain/arm/arm-gnu-toolchain/bin/../lib/gcc/arm-none-eabi/6.3.1/../../../../arm-none-eabi/lib/thumb/v6-m\libc.a(lib_a-__call_atexit.o)
 .text.atexit   0x00000668       0x10 c:/program files (x86)/atmel/studio/7.0/toolchain/arm/arm-gnu-toolchain/bin/../lib/gcc/arm-none-eabi/6.3.1/../../../../arm-none-eabi/lib/thumb/v6-m\libc.a(lib_a-atexit.o)
                0x00000668                atexit
 .text.__libc_fini_array
                0x00000678       0x34 c:/program files (x86)/atmel/studio/7.0/toolchain/arm/arm-gnu-toolchain/bin/../lib/gcc/arm-none-eabi/6.3.1/../../../../arm-none-eabi/lib/thumb/v6-m\libc.a(lib_a-fini.o)
                0x00000678                __libc_fini_array
 .text.__retarget_lock_acquire_recursive
                0x000006ac        0x4 c:/program files (x86)/atmel/studio/7.0/toolchain/arm/arm-gnu-toolchain/bin/../lib/gcc/arm-none-eabi/6.3.1/../../../../arm-none-eabi/lib/thumb/v6-m\libc.a(lib_a-lock.o)
                0x000006ac                __retarget_lock_acquire_recursive
 .text.__retarget_lock_release_recursive
                0x000006b0        0x4 c:/program files (x86)/atmel/studio/7.0/toolchain/arm/arm-gnu-toolchain/bin/../lib/gcc/arm-none-eabi/6.3.1/../../../../arm-none-eabi/lib/thumb/v6-m\libc.a(lib_a-lock.o)
                0x000006b0                __retarget_lock_release_recursive
 .text.__register_exitproc
                0x000006b4       0xf4 c:/program files (x86)/atmel/studio/7.0/toolchain/arm/arm-gnu-toolchain/bin/../lib/gcc/arm-none-eabi/6.3.1/../../../../arm-none-eabi/lib/thumb/v6-m\libc.a(lib_a-__atexit.o)
                0x000006b4                __register_exitproc
 *(.glue_7t)
 .glue_7t       0x000007a8        0x0 linker stubs
 *(.glue_7)
 .glue_7        0x000007a8        0x0 linker stubs
 *(.rodata .rodata* .gnu.linkonce.r.*)
 .rodata.str1.4
                0x000007a8        0x9 main.o
 *fill*         0x000007b1        0x3 
 .rodata        0x000007b4        0xc spi.o
 .rodata.str1.4
                0x000007c0        0x4 spi.o
 .rodata._global_impure_ptr
                0x000007c4        0x4 c:/program files (x86)/atmel/studio/7.0/toolchain/arm/arm-gnu-toolchain/bin/../lib/gcc/arm-none-eabi/6.3.1/../../../../arm-none-eabi/lib/thumb/v6-m\libc.a(lib_a-impure.o)
                0x000007c4                _global_impure_ptr
 *(.ARM.extab* .gnu.linkonce.armextab.*)
                0x000007c8                . = ALIGN (0x4)
 *(.init)
 .init          0x000007c8        0x4 c:/program files (x86)/atmel/studio/7.0/toolchain/arm/arm-gnu-toolchain/bin/../lib/gcc/arm-none-eabi/6.3.1/thumb/v6-m/crti.o
                0x000007c8                _init
 .init          0x000007cc        0x8 c:/program files (x86)/atmel/studio/7.0/toolchain/arm/arm-gnu-toolchain/bin/../lib/gcc/arm-none-eabi/6.3.1/thumb/v6-m/crtn.o
                0x000007d4                . = ALIGN (0x4)
                0x000007d4                __preinit_array_start = .
 *(.preinit_array)
                0x000007d4                __preinit_array_end = .
                0x000007d4                . = ALIGN (0x4)
                0x000007d4                __init_array_start = .
 *(SORT(.init_array.*))
 .init_array.00000
                0x000007d4        0x4 c:/program files (x86)/atmel/studio/7.0/toolchain/arm/arm-gnu-toolchain/bin/../lib/gcc/arm-none-eabi/6.3.1/../../../../arm-none-eabi/lib/thumb/v6-m\libc.a(lib_a-__call_atexit.o)
 *(.init_array)
 .init_array    0x000007d8        0x4 c:/program files (x86)/atmel/studio/7.0/toolchain/arm/arm-gnu-toolchain/bin/../lib/gcc/arm-none-eabi/6.3.1/thumb/v6-m/crtbegin.o
                0x000007dc                __init_array_end = .
                0x000007dc                . = ALIGN (0x4)
 *crtbegin.o(.ctors)
 *(EXCLUDE_FILE(*crtend.o) .ctors)
 *(SORT(.ctors.*))
 *crtend.o(.ctors)
                0x000007dc                . = ALIGN (0x4)
 *(.fini)
 .fini          0x000007dc        0x4 c:/program files (x86)/atmel/studio/7.0/toolchain/arm/arm-gnu-toolchain/bin/../lib/gcc/arm-none-eabi/6.3.1/thumb/v6-m/crti.o
                0x000007dc                _fini
 .fini          0x000007e0        0x8 c:/program files (x86)/atmel/studio/7.0/toolchain/arm/arm-gnu-toolchain/bin/../lib/gcc/arm-none-eabi/6.3.1/thumb/v6-m/crtn.o
                0x000007e8                . = ALIGN (0x4)
                0x000007e8                __fini_array_start = .
 *(.fini_array)
 .fini_array    0x000007e8        0x4 c:/program files (x86)/atmel/studio/7.0/toolchain/arm/arm-gnu-toolchain/bin/../lib/gcc/arm-none-eabi/6.3.1/thumb/v6-m/crtbegin.o
 *(SORT(.fini_array.*))
                0x000007ec                __fini_array_end = .
 *crtbegin.o(.dtors)
 *(EXCLUDE_FILE(*crtend.o) .dtors)
 *(SORT(.dtors.*))
 *crtend.o(.dtors)
                0x000007ec                . = ALIGN (0x4)
                0x000007ec                _efixed = .
                [!provide]                PROVIDE (__exidx_start, .)

.vfp11_veneer   0x000007ec        0x0
 .vfp11_veneer  0x000007ec        0x0 linker stubs

.v4_bx          0x000007ec        0x0
 .v4_bx         0x000007ec        0x0 linker stubs

.iplt           0x000007ec        0x0
 .iplt          0x000007ec        0x0 c:/program files (x86)/atmel/studio/7.0/toolchain/arm/arm-gnu-toolchain/bin/../lib/gcc/arm-none-eabi/6.3.1/thumb/v6-m/crtbegin.o

.eh_frame       0x000007ec        0x0
 .eh_frame      0x000007ec        0x0 c:/program files (x86)/atmel/studio/7.0/toolchain/arm/arm-gnu-toolchain/bin/../lib/gcc/arm-none-eabi/6.3.1/thumb/v6-m/crtbegin.o

.rel.dyn        0x000007ec        0x0
 .rel.iplt      0x000007ec        0x0 c:/program files (x86)/atmel/studio/7.0/toolchain/arm/arm-gnu-toolchain/bin/../lib/gcc/arm-none-eabi/6.3.1/thumb/v6-m/crtbegin.o

.jcr            0x000007ec        0x0
 .jcr           0x000007ec        0x0 c:/program files (x86)/atmel/studio/7.0/toolchain/arm/arm-gnu-toolchain/bin/../lib/gcc/arm-none-eabi/6.3.1/thumb/v6-m/crtbegin.o

.igot.plt       0x000007ec        0x0
 .igot.plt      0x000007ec        0x0 c:/program files (x86)/atmel/studio/7.0/toolchain/arm/arm-gnu-toolchain/bin/../lib/gcc/arm-none-eabi/6.3.1/thumb/v6-m/crtbegin.o

.ARM.exidx
 *(.ARM.exidx* .gnu.linkonce.armexidx.*)
                [!provide]                PROVIDE (__exidx_end, .)
                0x000007ec                . = ALIGN (0x4)
                0x000007ec                _etext = .

.relocate       0x20000000      0x434 load address 0x000007ec
                0x20000000                . = ALIGN (0x4)
                0x20000000                _srelocate = .
 *(.ramfunc .ramfunc.*)
 *(.data .data.*)
 .data          0x20000000        0x4 Device_Startup/system_samd21.o
                0x20000000                SystemCoreClock
 .data          0x20000004        0x4 spi.o
                0x20000004                tx_buf
 .data.impure_data
                0x20000008      0x428 c:/program files (x86)/atmel/studio/7.0/toolchain/arm/arm-gnu-toolchain/bin/../lib/gcc/arm-none-eabi/6.3.1/../../../../arm-none-eabi/lib/thumb/v6-m\libc.a(lib_a-impure.o)
 .data.__atexit_recursive_mutex
                0x20000430        0x4 c:/program files (x86)/atmel/studio/7.0/toolchain/arm/arm-gnu-toolchain/bin/../lib/gcc/arm-none-eabi/6.3.1/../../../../arm-none-eabi/lib/thumb/v6-m\libc.a(lib_a-__call_atexit.o)
                0x20000430                __atexit_recursive_mutex
                0x20000434                . = ALIGN (0x4)
                0x20000434                _erelocate = .

.bss            0x20000434       0x58 load address 0x00000c20
                0x20000434                . = ALIGN (0x4)
                0x20000434                _sbss = .
                0x20000434                _szero = .
 *(.bss .bss.*)
 .bss           0x20000434       0x1c c:/program files (x86)/atmel/studio/7.0/toolchain/arm/arm-gnu-toolchain/bin/../lib/gcc/arm-none-eabi/6.3.1/thumb/v6-m/crtbegin.o
 .bss           0x20000450       0x18 myprintf.o
 *(COMMON)
 COMMON         0x20000468       0x21 c:/program files (x86)/atmel/studio/7.0/toolchain/arm/arm-gnu-toolchain/bin/../lib/gcc/arm-none-eabi/6.3.1/../../../../arm-none-eabi/lib/thumb/v6-m\libc.a(lib_a-lock.o)
                0x20000468                __lock___atexit_recursive_mutex
                0x2000046c                __lock___arc4random_mutex
                0x20000470                __lock___env_recursive_mutex
                0x20000474                __lock___sinit_recursive_mutex
                0x20000478                __lock___malloc_recursive_mutex
                0x2000047c                __lock___at_quick_exit_mutex
                0x20000480                __lock___dd_hash_mutex
                0x20000484                __lock___tz_mutex
                0x20000488                __lock___sfp_recursive_mutex
                0x2000048c                . = ALIGN (0x4)
 *fill*         0x20000489        0x3 
                0x2000048c                _ebss = .
                0x2000048c                _ezero = .

.stack          0x2000048c     0x2004 load address 0x00000c78
                0x20000490                . = ALIGN (0x8)
 *fill*         0x2000048c        0x4 
                0x20000490                _sstack = .
                0x20002490                . = (. + STACK_SIZE)
 *fill*         0x20000490     0x2000 
                0x20002490                . = ALIGN (0x8)
                0x20002490                _estack = .
                0x20002490                . = ALIGN (0x4)
                0x20002490                _end = .
OUTPUT(GccApplication1.elf elf32-littlearm)

.ARM.attributes
                0x00000000       0x28
 .ARM.attributes
                0x00000000       0x1e c:/program files (x86)/atmel/studio/7.0/toolchain/arm/arm-gnu-toolchain/bin/../lib/gcc/arm-none-eabi/6.3.1/thumb/v6-m/crti.o
 .ARM.attributes
                0x0000001e       0x2c c:/program files (x86)/atmel/studio/7.0/toolchain/arm/arm-gnu-toolchain/bin/../lib/gcc/arm-none-eabi/6.3.1/thumb/v6-m/crtbegin.o
 .ARM.attributes
                0x0000004a       0x32 Device_Startup/startup_samd21.o
 .ARM.attributes
                0x0000007c       0x32 Device_Startup/system_samd21.o
 .ARM.attributes
                0x000000ae       0x32 main.o
 .ARM.attributes
                0x000000e0       0x32 myprintf.o
 .ARM.attributes
                0x00000112       0x32 spi.o
 .ARM.attributes
                0x00000144       0x2c c:/program files (x86)/atmel/studio/7.0/toolchain/arm/arm-gnu-toolchain/bin/../lib/gcc/arm-none-eabi/6.3.1/../../../../arm-none-eabi/lib/thumb/v6-m\libc.a(lib_a-impure.o)
 .ARM.attributes
                0x00000170       0x2c c:/program files (x86)/atmel/studio/7.0/toolchain/arm/arm-gnu-toolchain/bin/../lib/gcc/arm-none-eabi/6.3.1/../../../../arm-none-eabi/lib/thumb/v6-m\libc.a(lib_a-init.o)
 .ARM.attributes
                0x0000019c       0x2c c:/program files (x86)/atmel/studio/7.0/toolchain/arm/arm-gnu-toolchain/bin/../lib/gcc/arm-none-eabi/6.3.1/../../../../arm-none-eabi/lib/thumb/v6-m\libc.a(lib_a-__call_atexit.o)
 .ARM.attributes
                0x000001c8       0x2c c:/program files (x86)/atmel/studio/7.0/toolchain/arm/arm-gnu-toolchain/bin/../lib/gcc/arm-none-eabi/6.3.1/../../../../arm-none-eabi/lib/thumb/v6-m\libc.a(lib_a-atexit.o)
 .ARM.attributes
                0x000001f4       0x2c c:/program files (x86)/atmel/studio/7.0/toolchain/arm/arm-gnu-toolchain/bin/../lib/gcc/arm-none-eabi/6.3.1/../../../../arm-none-eabi/lib/thumb/v6-m\libc.a(lib_a-fini.o)
 .ARM.attributes
                0x00000220       0x2c c:/program files (x86)/atmel/studio/7.0/toolchain/arm/arm-gnu-toolchain/bin/../lib/gcc/arm-none-eabi/6.3.1/../../../../arm-none-eabi/lib/thumb/v6-m\libc.a(lib_a-lock.o)
 .ARM.attributes
                0x0000024c       0x2c c:/program files (x86)/atmel/studio/7.0/toolchain/arm/arm-gnu-toolchain/bin/../lib/gcc/arm-none-eabi/6.3.1/../../../../arm-none-eabi/lib/thumb/v6-m\libc.a(lib_a-__atexit.o)
 .ARM.attributes
                0x00000278       0x1e c:/program files (x86)/atmel/studio/7.0/toolchain/arm/arm-gnu-toolchain/bin/../lib/gcc/arm-none-eabi/6.3.1/thumb/v6-m/crtn.o

.comment        0x00000000       0x59
 .comment       0x00000000       0x59 Device_Startup/startup_samd21.o
                                 0x5a (size before relaxing)
 .comment       0x00000059       0x5a Device_Startup/system_samd21.o
 .comment       0x00000059       0x5a main.o
 .comment       0x00000059       0x5a myprintf.o
 .comment       0x00000059       0x5a spi.o

.debug_info     0x00000000     0xeab6
 .debug_info    0x00000000     0x3a2c Device_Startup/startup_samd21.o
 .debug_info    0x00003a2c       0xd5 Device_Startup/system_samd21.o
 .debug_info    0x00003b01     0x4081 main.o
 .debug_info    0x00007b82     0x257e myprintf.o
 .debug_info    0x0000a100     0x49b6 spi.o

.debug_abbrev   0x00000000      0xa96
 .debug_abbrev  0x00000000      0x227 Device_Startup/startup_samd21.o
 .debug_abbrev  0x00000227       0x72 Device_Startup/system_samd21.o
 .debug_abbrev  0x00000299      0x1e9 main.o
 .debug_abbrev  0x00000482      0x334 myprintf.o
 .debug_abbrev  0x000007b6      0x2e0 spi.o

.debug_loc      0x00000000      0xb36
 .debug_loc     0x00000000       0x78 Device_Startup/startup_samd21.o
 .debug_loc     0x00000078       0x4c main.o
 .debug_loc     0x000000c4      0xa04 myprintf.o
 .debug_loc     0x00000ac8       0x6e spi.o

.debug_aranges  0x00000000      0x118
 .debug_aranges
                0x00000000       0x28 Device_Startup/startup_samd21.o
 .debug_aranges
                0x00000028       0x28 Device_Startup/system_samd21.o
 .debug_aranges
                0x00000050       0x28 main.o
 .debug_aranges
                0x00000078       0x78 myprintf.o
 .debug_aranges
                0x000000f0       0x28 spi.o

.debug_ranges   0x00000000       0xe0
 .debug_ranges  0x00000000       0x18 Device_Startup/startup_samd21.o
 .debug_ranges  0x00000018       0x18 Device_Startup/system_samd21.o
 .debug_ranges  0x00000030       0x18 main.o
 .debug_ranges  0x00000048       0x80 myprintf.o
 .debug_ranges  0x000000c8       0x18 spi.o

.debug_macro    0x00000000    0x1252a
 .debug_macro   0x00000000      0x2fc Device_Startup/startup_samd21.o
 .debug_macro   0x000002fc      0x89e Device_Startup/startup_samd21.o
 .debug_macro   0x00000b9a       0x22 Device_Startup/startup_samd21.o
 .debug_macro   0x00000bbc       0x87 Device_Startup/startup_samd21.o
 .debug_macro   0x00000c43       0x51 Device_Startup/startup_samd21.o
 .debug_macro   0x00000c94       0xef Device_Startup/startup_samd21.o
 .debug_macro   0x00000d83       0x6a Device_Startup/startup_samd21.o
 .debug_macro   0x00000ded      0x1df Device_Startup/startup_samd21.o
 .debug_macro   0x00000fcc       0x39 Device_Startup/startup_samd21.o
 .debug_macro   0x00001005       0x1c Device_Startup/startup_samd21.o
 .debug_macro   0x00001021       0x22 Device_Startup/startup_samd21.o
 .debug_macro   0x00001043       0xb5 Device_Startup/startup_samd21.o
 .debug_macro   0x000010f8      0x3ad Device_Startup/startup_samd21.o
 .debug_macro   0x000014a5      0x67e Device_Startup/startup_samd21.o
 .debug_macro   0x00001b23      0x8b1 Device_Startup/startup_samd21.o
 .debug_macro   0x000023d4      0x22e Device_Startup/startup_samd21.o
 .debug_macro   0x00002602      0xd5c Device_Startup/startup_samd21.o
 .debug_macro   0x0000335e      0x4dc Device_Startup/startup_samd21.o
 .debug_macro   0x0000383a      0x9f6 Device_Startup/startup_samd21.o
 .debug_macro   0x00004230      0x82b Device_Startup/startup_samd21.o
 .debug_macro   0x00004a5b      0x45f Device_Startup/startup_samd21.o
 .debug_macro   0x00004eba       0x5e Device_Startup/startup_samd21.o
 .debug_macro   0x00004f18      0x8f9 Device_Startup/startup_samd21.o
 .debug_macro   0x00005811      0x21c Device_Startup/startup_samd21.o
 .debug_macro   0x00005a2d      0x735 Device_Startup/startup_samd21.o
 .debug_macro   0x00006162       0x5e Device_Startup/startup_samd21.o
 .debug_macro   0x000061c0      0x632 Device_Startup/startup_samd21.o
 .debug_macro   0x000067f2      0x3ac Device_Startup/startup_samd21.o
 .debug_macro   0x00006b9e      0xc76 Device_Startup/startup_samd21.o
 .debug_macro   0x00007814     0x1092 Device_Startup/startup_samd21.o
 .debug_macro   0x000088a6      0xc4a Device_Startup/startup_samd21.o
 .debug_macro   0x000094f0      0x6ba Device_Startup/startup_samd21.o
 .debug_macro   0x00009baa     0x1b3d Device_Startup/startup_samd21.o
 .debug_macro   0x0000b6e7     0x143c Device_Startup/startup_samd21.o
 .debug_macro   0x0000cb23      0x340 Device_Startup/startup_samd21.o
 .debug_macro   0x0000ce63       0x7c Device_Startup/startup_samd21.o
 .debug_macro   0x0000cedf       0xa0 Device_Startup/startup_samd21.o
 .debug_macro   0x0000cf7f       0x4c Device_Startup/startup_samd21.o
 .debug_macro   0x0000cfcb       0xca Device_Startup/startup_samd21.o
 .debug_macro   0x0000d095       0x94 Device_Startup/startup_samd21.o
 .debug_macro   0x0000d129       0x58 Device_Startup/startup_samd21.o
 .debug_macro   0x0000d181      0x341 Device_Startup/startup_samd21.o
 .debug_macro   0x0000d4c2       0x82 Device_Startup/startup_samd21.o
 .debug_macro   0x0000d544      0x189 Device_Startup/startup_samd21.o
 .debug_macro   0x0000d6cd       0xb8 Device_Startup/startup_samd21.o
 .debug_macro   0x0000d785       0xa0 Device_Startup/startup_samd21.o
 .debug_macro   0x0000d825       0xb2 Device_Startup/startup_samd21.o
 .debug_macro   0x0000d8d7       0x1c Device_Startup/startup_samd21.o
 .debug_macro   0x0000d8f3       0x1c Device_Startup/startup_samd21.o
 .debug_macro   0x0000d90f       0x1c Device_Startup/startup_samd21.o
 .debug_macro   0x0000d92b       0x7c Device_Startup/startup_samd21.o
 .debug_macro   0x0000d9a7      0x15a Device_Startup/startup_samd21.o
 .debug_macro   0x0000db01       0x10 Device_Startup/startup_samd21.o
 .debug_macro   0x0000db11       0xdc Device_Startup/startup_samd21.o
 .debug_macro   0x0000dbed      0x124 Device_Startup/startup_samd21.o
 .debug_macro   0x0000dd11      0x124 Device_Startup/startup_samd21.o
 .debug_macro   0x0000de35      0x124 Device_Startup/startup_samd21.o
 .debug_macro   0x0000df59      0x124 Device_Startup/startup_samd21.o
 .debug_macro   0x0000e07d      0x124 Device_Startup/startup_samd21.o
 .debug_macro   0x0000e1a1      0x124 Device_Startup/startup_samd21.o
 .debug_macro   0x0000e2c5      0x124 Device_Startup/startup_samd21.o
 .debug_macro   0x0000e3e9       0xe2 Device_Startup/startup_samd21.o
 .debug_macro   0x0000e4cb       0xe2 Device_Startup/startup_samd21.o
 .debug_macro   0x0000e5ad       0xe2 Device_Startup/startup_samd21.o
 .debug_macro   0x0000e68f      0x12a Device_Startup/startup_samd21.o
 .debug_macro   0x0000e7b9      0x100 Device_Startup/startup_samd21.o
 .debug_macro   0x0000e8b9       0xf4 Device_Startup/startup_samd21.o
 .debug_macro   0x0000e9ad      0x40f Device_Startup/startup_samd21.o
 .debug_macro   0x0000edbc       0x40 Device_Startup/startup_samd21.o
 .debug_macro   0x0000edfc      0x376 Device_Startup/startup_samd21.o
 .debug_macro   0x0000f172     0x17df Device_Startup/startup_samd21.o
 .debug_macro   0x00010951       0x6d Device_Startup/startup_samd21.o
 .debug_macro   0x000109be      0x302 Device_Startup/system_samd21.o
 .debug_macro   0x00010cc0      0x31d main.o
 .debug_macro   0x00010fdd       0x58 main.o
 .debug_macro   0x00011035       0x16 main.o
 .debug_macro   0x0001104b       0x10 main.o
 .debug_macro   0x0001105b      0x314 myprintf.o
 .debug_macro   0x0001136f      0x46b spi.o
 .debug_macro   0x000117da       0x58 spi.o
 .debug_macro   0x00011832       0x35 spi.o
 .debug_macro   0x00011867       0x9c spi.o
 .debug_macro   0x00011903       0x16 spi.o
 .debug_macro   0x00011919       0x97 spi.o
 .debug_macro   0x000119b0      0x353 spi.o
 .debug_macro   0x00011d03       0xf6 spi.o
 .debug_macro   0x00011df9       0x10 spi.o
 .debug_macro   0x00011e09       0x58 spi.o
 .debug_macro   0x00011e61       0x1f spi.o
 .debug_macro   0x00011e80       0x43 spi.o
 .debug_macro   0x00011ec3       0x20 spi.o
 .debug_macro   0x00011ee3      0x187 spi.o
 .debug_macro   0x0001206a       0x10 spi.o
 .debug_macro   0x0001207a       0x1c spi.o
 .debug_macro   0x00012096       0x52 spi.o
 .debug_macro   0x000120e8       0x40 spi.o
 .debug_macro   0x00012128       0x10 spi.o
 .debug_macro   0x00012138       0x40 spi.o
 .debug_macro   0x00012178       0xd7 spi.o
 .debug_macro   0x0001224f       0x16 spi.o
 .debug_macro   0x00012265      0x18b spi.o
 .debug_macro   0x000123f0       0x4c spi.o
 .debug_macro   0x0001243c       0x3f spi.o
 .debug_macro   0x0001247b       0xaf spi.o

.debug_line     0x00000000     0x261e
 .debug_line    0x00000000      0x6fa Device_Startup/startup_samd21.o
 .debug_line    0x000006fa      0x6e2 Device_Startup/system_samd21.o
 .debug_line    0x00000ddc      0x70e main.o
 .debug_line    0x000014ea      0x911 myprintf.o
 .debug_line    0x00001dfb      0x823 spi.o

.debug_str      0x00000000    0x72ea3
 .debug_str     0x00000000    0x6ddc9 Device_Startup/startup_samd21.o
                              0x6e1f5 (size before relaxing)
 .debug_str     0x0006ddc9       0x5c Device_Startup/system_samd21.o
                              0x6d079 (size before relaxing)
 .debug_str     0x0006de25      0xf5c main.o
                              0x6e0f1 (size before relaxing)
 .debug_str     0x0006ed81       0xae myprintf.o
                              0x6d970 (size before relaxing)
 .debug_str     0x0006ee2f     0x4074 spi.o
                              0x721cc (size before relaxing)

.debug_frame    0x00000000      0x3f8
 .debug_frame   0x00000000       0x40 Device_Startup/startup_samd21.o
 .debug_frame   0x00000040       0x30 Device_Startup/system_samd21.o
 .debug_frame   0x00000070       0x44 main.o
 .debug_frame   0x000000b4      0x14c myprintf.o
 .debug_frame   0x00000200       0x38 spi.o
 .debug_frame   0x00000238       0x2c c:/program files (x86)/atmel/studio/7.0/toolchain/arm/arm-gnu-toolchain/bin/../lib/gcc/arm-none-eabi/6.3.1/../../../../arm-none-eabi/lib/thumb/v6-m\libc.a(lib_a-init.o)
 .debug_frame   0x00000264       0x54 c:/program files (x86)/atmel/studio/7.0/toolchain/arm/arm-gnu-toolchain/bin/../lib/gcc/arm-none-eabi/6.3.1/../../../../arm-none-eabi/lib/thumb/v6-m\libc.a(lib_a-__call_atexit.o)
 .debug_frame   0x000002b8       0x28 c:/program files (x86)/atmel/studio/7.0/toolchain/arm/arm-gnu-toolchain/bin/../lib/gcc/arm-none-eabi/6.3.1/../../../../arm-none-eabi/lib/thumb/v6-m\libc.a(lib_a-atexit.o)
 .debug_frame   0x000002e0       0x2c c:/program files (x86)/atmel/studio/7.0/toolchain/arm/arm-gnu-toolchain/bin/../lib/gcc/arm-none-eabi/6.3.1/../../../../arm-none-eabi/lib/thumb/v6-m\libc.a(lib_a-fini.o)
 .debug_frame   0x0000030c       0xb0 c:/program files (x86)/atmel/studio/7.0/toolchain/arm/arm-gnu-toolchain/bin/../lib/gcc/arm-none-eabi/6.3.1/../../../../arm-none-eabi/lib/thumb/v6-m\libc.a(lib_a-lock.o)
 .debug_frame   0x000003bc       0x3c c:/program files (x86)/atmel/studio/7.0/toolchain/arm/arm-gnu-toolchain/bin/../lib/gcc/arm-none-eabi/6.3.1/../../../../arm-none-eabi/lib/thumb/v6-m\libc.a(lib_a-__atexit.o)
